Archive member included to satisfy reference by file (symbol)

/usr/lib/gcc/arm-none-eabi/12.2.1/thumb/v6-m/nofp/libgcc.a(_dvmd_tls.o)
                              CMakeFiles/protobrain2.dir/home/flyingthings/.pico-sdk/sdk/2.2.0/src/rp2_common/pico_divider/divider_hardware.S.o (__aeabi_idiv0)
/usr/lib/gcc/arm-none-eabi/12.2.1/../../../arm-none-eabi/lib/thumb/v6-m/nofp/libg.a(lib_a-atexit.o)
                              /usr/lib/gcc/arm-none-eabi/12.2.1/../../../arm-none-eabi/lib/thumb/v6-m/nofp/crt0.o (atexit)
/usr/lib/gcc/arm-none-eabi/12.2.1/../../../arm-none-eabi/lib/thumb/v6-m/nofp/libg.a(lib_a-atoi.o)
                              CMakeFiles/protobrain2.dir/lib/no-OS-FatFS-SD-SDIO-SPI-RPi-Pico/src/sd_driver/sd_card.c.o (atoi)
/usr/lib/gcc/arm-none-eabi/12.2.1/../../../arm-none-eabi/lib/thumb/v6-m/nofp/libg.a(lib_a-calloc.o)
                              CMakeFiles/protobrain2.dir/home/flyingthings/.pico-sdk/sdk/2.2.0/src/rp2_common/pico_malloc/malloc.c.o (calloc)
/usr/lib/gcc/arm-none-eabi/12.2.1/../../../arm-none-eabi/lib/thumb/v6-m/nofp/libg.a(lib_a-callocr.o)
                              /usr/lib/gcc/arm-none-eabi/12.2.1/../../../arm-none-eabi/lib/thumb/v6-m/nofp/libg.a(lib_a-calloc.o) (_calloc_r)
/usr/lib/gcc/arm-none-eabi/12.2.1/../../../arm-none-eabi/lib/thumb/v6-m/nofp/libg.a(lib_a-ctype_.o)
                              CMakeFiles/protobrain2.dir/lib/no-OS-FatFS-SD-SDIO-SPI-RPi-Pico/src/sd_driver/sd_card.c.o (_ctype_)
/usr/lib/gcc/arm-none-eabi/12.2.1/../../../arm-none-eabi/lib/thumb/v6-m/nofp/libg.a(lib_a-errno.o)
                              CMakeFiles/protobrain2.dir/lib/no-OS-FatFS-SD-SDIO-SPI-RPi-Pico/src/src/ff_stdio.c.o (__errno)
/usr/lib/gcc/arm-none-eabi/12.2.1/../../../arm-none-eabi/lib/thumb/v6-m/nofp/libg.a(lib_a-fini.o)
                              /usr/lib/gcc/arm-none-eabi/12.2.1/../../../arm-none-eabi/lib/thumb/v6-m/nofp/crt0.o (__libc_fini_array)
/usr/lib/gcc/arm-none-eabi/12.2.1/../../../arm-none-eabi/lib/thumb/v6-m/nofp/libg.a(lib_a-fopencookie.o)
                              CMakeFiles/protobrain2.dir/lib/no-OS-FatFS-SD-SDIO-SPI-RPi-Pico/src/src/file_stream.c.o (fopencookie)
/usr/lib/gcc/arm-none-eabi/12.2.1/../../../arm-none-eabi/lib/thumb/v6-m/nofp/libg.a(lib_a-freer.o)
                              /usr/lib/gcc/arm-none-eabi/12.2.1/../../../arm-none-eabi/lib/thumb/v6-m/nofp/libg.a(lib_a-fopencookie.o) (_free_r)
/usr/lib/gcc/arm-none-eabi/12.2.1/../../../arm-none-eabi/lib/thumb/v6-m/nofp/libg.a(lib_a-impure.o)
                              /usr/lib/gcc/arm-none-eabi/12.2.1/../../../arm-none-eabi/lib/thumb/v6-m/nofp/libg.a(lib_a-calloc.o) (_impure_ptr)
/usr/lib/gcc/arm-none-eabi/12.2.1/../../../arm-none-eabi/lib/thumb/v6-m/nofp/libg.a(lib_a-init.o)
                              /usr/lib/gcc/arm-none-eabi/12.2.1/../../../arm-none-eabi/lib/thumb/v6-m/nofp/crt0.o (__libc_init_array)
/usr/lib/gcc/arm-none-eabi/12.2.1/../../../arm-none-eabi/lib/thumb/v6-m/nofp/libg.a(lib_a-lcltime_r.o)
                              CMakeFiles/protobrain2.dir/home/flyingthings/.pico-sdk/sdk/2.2.0/src/common/pico_util/datetime.c.o (localtime_r)
/usr/lib/gcc/arm-none-eabi/12.2.1/../../../arm-none-eabi/lib/thumb/v6-m/nofp/libg.a(lib_a-malloc.o)
                              CMakeFiles/protobrain2.dir/home/flyingthings/.pico-sdk/sdk/2.2.0/src/rp2_common/pico_malloc/malloc.c.o (malloc)
/usr/lib/gcc/arm-none-eabi/12.2.1/../../../arm-none-eabi/lib/thumb/v6-m/nofp/libg.a(lib_a-mallocr.o)
                              /usr/lib/gcc/arm-none-eabi/12.2.1/../../../arm-none-eabi/lib/thumb/v6-m/nofp/libg.a(lib_a-callocr.o) (_malloc_r)
/usr/lib/gcc/arm-none-eabi/12.2.1/../../../arm-none-eabi/lib/thumb/v6-m/nofp/libg.a(lib_a-memcmp.o)
                              CMakeFiles/protobrain2.dir/home/flyingthings/.pico-sdk/sdk/2.2.0/src/rp2_common/pico_atomic/atomic.c.o (memcmp)
/usr/lib/gcc/arm-none-eabi/12.2.1/../../../arm-none-eabi/lib/thumb/v6-m/nofp/libg.a(lib_a-mktime.o)
                              CMakeFiles/protobrain2.dir/home/flyingthings/.pico-sdk/sdk/2.2.0/src/common/pico_util/datetime.c.o (mktime)
/usr/lib/gcc/arm-none-eabi/12.2.1/../../../arm-none-eabi/lib/thumb/v6-m/nofp/libg.a(lib_a-mlock.o)
                              /usr/lib/gcc/arm-none-eabi/12.2.1/../../../arm-none-eabi/lib/thumb/v6-m/nofp/libg.a(lib_a-freer.o) (__malloc_lock)
/usr/lib/gcc/arm-none-eabi/12.2.1/../../../arm-none-eabi/lib/thumb/v6-m/nofp/libg.a(lib_a-month_lengths.o)
                              /usr/lib/gcc/arm-none-eabi/12.2.1/../../../arm-none-eabi/lib/thumb/v6-m/nofp/libg.a(lib_a-lcltime_r.o) (__month_lengths)
/usr/lib/gcc/arm-none-eabi/12.2.1/../../../arm-none-eabi/lib/thumb/v6-m/nofp/libg.a(lib_a-rand.o)
                              CMakeFiles/protobrain2.dir/main.c.o (rand)
/usr/lib/gcc/arm-none-eabi/12.2.1/../../../arm-none-eabi/lib/thumb/v6-m/nofp/libg.a(lib_a-realloc.o)
                              CMakeFiles/protobrain2.dir/home/flyingthings/.pico-sdk/sdk/2.2.0/src/rp2_common/pico_malloc/malloc.c.o (realloc)
[...]
Memory Configuration

Name             Origin             Length             Attributes
FLASH            0x10000000         0x00200000         xr
RAM              0x20000000         0x00040000         xrw
SCRATCH_X        0x20040000         0x00001000         xrw
SCRATCH_Y        0x20041000         0x00001000         xrw
*default*        0x00000000         0xffffffff

Linker script and memory map

LOAD /usr/lib/gcc/arm-none-eabi/12.2.1/thumb/v6-m/nofp/crti.o
LOAD /usr/lib/gcc/arm-none-eabi/12.2.1/thumb/v6-m/nofp/crtbegin.o
LOAD /usr/lib/gcc/arm-none-eabi/12.2.1/../../../arm-none-eabi/lib/thumb/v6-m/nofp/crt0.o

.flash_begin    0x10000000        0x0
                0x10000000                        __flash_binary_start = .

.boot2          0x10000000      0x100
                0x10000000                        __boot2_start__ = .
 *(.boot2)
 .boot2         0x10000000      0x100 pico-sdk/src/rp2040/boot_stage2/CMakeFiles/bs2_default_library.dir/bs2_default_padded_checksummed.S.o
                0x10000100                        __boot2_end__ = .
                0x00000001                        ASSERT (((__boot2_end__ - __boot2_start__) == 0x100), ERROR: Pico second stage bootloader must be 256 bytes in size)

.text           0x10000100    0x17e98
                0x10000100                        __logical_binary_start = .
 *(.vectors)
 .vectors       0x10000100       0xd4 CMakeFiles/protobrain2.dir/home/flyingthings/.pico-sdk/sdk/2.2.0/src/rp2_common/pico_crt0/crt0.S.o
                0x10000100                __vectors
                0x10000100                __VECTOR_TABLE
                0x100001c0                TIMER_IRQ_1_Handler
                0x100001c0                TIMER_IRQ_3_Handler
                0x100001c0                isr_irq30
                0x100001c0                UART0_IRQ_Handler
                0x100001c0                __unhandled_user_irq
                0x100001c0                IO_IRQ_BANK0_Handler
                0x100001c0                PIO0_IRQ_0_Handler
                0x100001c0                USBCTRL_IRQ_Handler
                0x100001c0                SPI1_IRQ_Handler
                0x100001c0                isr_irq27
                0x100001c0                isr_irq31
                0x100001c0                PIO1_IRQ_1_Handler
                0x100001c0                DMA_IRQ_1_Handler
                0x100001c0                I2C1_IRQ_Handler
                0x100001c0                SPI0_IRQ_Handler
                0x100001c0                isr_irq28
                0x100001c0                PIO0_IRQ_1_Handler
                0x100001c0                I2C0_IRQ_Handler
                0x100001c0                SIO_IRQ_PROC1_Handler
                0x100001c0                TIMER_IRQ_0_Handler
                0x100001c0                __vectors_end
                0x100001c0                UART1_IRQ_Handler
                0x100001c0                __default_isrs_start
                0x100001c0                DMA_IRQ_0_Handler
                0x100001c0                RTC_IRQ_Handler
                0x100001c0                TIMER_IRQ_2_Handler
                0x100001c0                CLOCKS_IRQ_Handler
                0x100001c0                PIO1_IRQ_0_Handler
                0x100001c0                ADC_IRQ_FIFO_Handler
                0x100001c0                IO_IRQ_QSPI_Handler
                0x100001c0                SIO_IRQ_PROC0_Handler
                0x100001c0                XIP_IRQ_Handler
                0x100001c0                isr_irq29
                0x100001c0                isr_irq26
                0x100001c0                PWM_IRQ_WRAP_Handler
                0x100001c6                unhandled_user_irq_num_in_r0
                0x100001c8                isr_invalid
                0x100001ca                NMI_Handler
                0x100001ce                SVC_Handler
                0x100001d0                PendSV_Handler
                0x100001d2                SysTick_Handler
                0x100001d4                __default_isrs_end
 *(.binary_info_header)
 .binary_info_header
                0x100001d4       0x14 CMakeFiles/protobrain2.dir/home/flyingthings/.pico-sdk/sdk/2.2.0/src/rp2_common/pico_crt0/crt0.S.o
                0x100001e8                        __binary_info_header_end = .
 *(.embedded_block)
                0x100001e8                        __embedded_block_end = .
 *(.reset)
 .reset         0x100001e8       0x9c CMakeFiles/protobrain2.dir/home/flyingthings/.pico-sdk/sdk/2.2.0/src/rp2_common/pico_crt0/crt0.S.o
                0x100001e8                _entry_point
 *(.init)
 .init          0x10000284        0x4 /usr/lib/gcc/arm-none-eabi/12.2.1/thumb/v6-m/nofp/crti.o
                0x10000284                _init
 *(EXCLUDE_FILE(*libm.a: *libc.a:*lib_a-mem*.o *libgcc.a:) .text*)
 .text          0x10000288       0x98 /usr/lib/gcc/arm-none-eabi/12.2.1/thumb/v6-m/nofp/crtbegin.o
 .text.UARTTXIRQHandler
                0x10000320       0x9c CMakeFiles/protobrain2.dir/main.c.o
                0x10000320                UARTTXIRQHandler
 .text.tickTimerCallback
                0x100003bc       0x10 CMakeFiles/protobrain2.dir/main.c.o
                0x100003bc                tickTimerCallback
 .text.received_char_callback
                0x100003cc       0x58 CMakeFiles/protobrain2.dir/main.c.o
                0x100003cc                received_char_callback
 .text.configurePWMDMACh
                0x10000424       0x48 CMakeFiles/protobrain2.dir/main.c.o
                0x10000424                configurePWMDMACh
 .text.startup.main
                0x1000046c      0x6d0 CMakeFiles/protobrain2.dir/main.c.o
                0x1000046c                main
 .text.animationInit
                0x10000b3c      0x1b8 CMakeFiles/protobrain2.dir/anim.c.o
                0x10000b3c                animationInit
 .text.startAnimation
                0x10000cf4      0x204 CMakeFiles/protobrain2.dir/anim.c.o
                0x10000cf4                startAnimation
 .text.updateAnimation
                0x10000ef8      0x33c CMakeFiles/protobrain2.dir/anim.c.o
                0x10000ef8                updateAnimation
 .text.refreshLEDs
                0x10001234      0x1ec CMakeFiles/protobrain2.dir/leds.c.o
                0x10001234                refreshLEDs
 .text.checkBrightness
                0x10001420      0x22c CMakeFiles/protobrain2.dir/leds.c.o
                0x10001420                checkBrightness
 .text.updateGammaCorrection
                0x1000164c       0xa4 CMakeFiles/protobrain2.dir/leds.c.o
                0x1000164c                updateGammaCorrection
 .text.initialiseAutoBrightness
                0x100016f0       0x2c CMakeFiles/protobrain2.dir/leds.c.o
                0x100016f0                initialiseAutoBrightness
 .text.osd_print
                0x1000171c      0x128 CMakeFiles/protobrain2.dir/osd.c.o
                0x1000171c                osd_print
 .text.init_osd
                0x10001844      0x140 CMakeFiles/protobrain2.dir/osd.c.o
                0x10001844                init_osd
 .text.byteSwap
                0x10001984        0xc CMakeFiles/protobrain2.dir/misc.c.o
                0x10001984                byteSwap
 .text.colorModeFromCount
                0x10001990       0x1c CMakeFiles/protobrain2.dir/misc.c.o
                0x10001990                colorModeFromCount
 .text.byteLength
                0x100019ac       0x14 CMakeFiles/protobrain2.dir/misc.c.o
                0x100019ac                byteLength
 .text.printDebug
                0x100019c0       0x28 CMakeFiles/protobrain2.dir/misc.c.o
                0x100019c0                printDebug
 .text.sd_get_num
                0x100019e8        0x4 CMakeFiles/protobrain2.dir/sd_config.c.o
                0x100019e8                sd_get_num
 .text.sd_get_by_num
                0x100019ec       0x10 CMakeFiles/protobrain2.dir/sd_config.c.o
                0x100019ec                sd_get_by_num
 .text.gpio_set_function
                0x100019fc       0x34 CMakeFiles/protobrain2.dir/home/flyingthings/.pico-sdk/sdk/2.2.0/src/rp2_common/hardware_gpio/gpio.c.o
                0x100019fc                gpio_set_function
 .text.gpio_set_pulls
                0x10001a30       0x28 CMakeFiles/protobrain2.dir/home/flyingthings/.pico-sdk/sdk/2.2.0/src/rp2_common/hardware_gpio/gpio.c.o
                0x10001a30                gpio_set_pulls
 .text.gpio_set_slew_rate
                0x10001a58       0x20 CMakeFiles/protobrain2.dir/home/flyingthings/.pico-sdk/sdk/2.2.0/src/rp2_common/hardware_gpio/gpio.c.o
                0x10001a58                gpio_set_slew_rate
 .text.gpio_set_drive_strength
                0x10001a78       0x24 CMakeFiles/protobrain2.dir/home/flyingthings/.pico-sdk/sdk/2.2.0/src/rp2_common/hardware_gpio/gpio.c.o
                0x10001a78                gpio_set_drive_strength
 .text.gpio_init
                0x10001a9c       0x40 CMakeFiles/protobrain2.dir/home/flyingthings/.pico-sdk/sdk/2.2.0/src/rp2_common/hardware_gpio/gpio.c.o
                0x10001a9c                gpio_init
 .text.gpio_deinit
                0x10001adc       0x34 CMakeFiles/protobrain2.dir/home/flyingthings/.pico-sdk/sdk/2.2.0/src/rp2_common/hardware_gpio/gpio.c.o
                0x10001adc                gpio_deinit
 .text.rp2040_chip_version
                0x10001b10        0xc CMakeFiles/protobrain2.dir/home/flyingthings/.pico-sdk/sdk/2.2.0/src/rp2040/pico_platform/platform.c.o
                0x10001b10                rp2040_chip_version
 .text.panic    0x10001b1c       0x30 CMakeFiles/protobrain2.dir/home/flyingthings/.pico-sdk/sdk/2.2.0/src/rp2_common/pico_platform_panic/panic.c.o
                0x10001b1c                panic
 .text.hw_claim_lock
                0x10001b4c       0x18 CMakeFiles/protobrain2.dir/home/flyingthings/.pico-sdk/sdk/2.2.0/src/common/hardware_claim/claim.c.o
                0x10001b4c                hw_claim_lock
 .text.hw_claim_unlock
                0x10001b64       0x14 CMakeFiles/protobrain2.dir/home/flyingthings/.pico-sdk/sdk/2.2.0/src/common/hardware_claim/claim.c.o
                0x10001b64                hw_claim_unlock
 .text.hw_claim_or_assert
                0x10001b78       0x44 CMakeFiles/protobrain2.dir/home/flyingthings/.pico-sdk/sdk/2.2.0/src/common/hardware_claim/claim.c.o
                0x10001b78                hw_claim_or_assert
 .text.hw_claim_unused_from_range
                0x10001bbc       0x9c CMakeFiles/protobrain2.dir/home/flyingthings/.pico-sdk/sdk/2.2.0/src/common/hardware_claim/claim.c.o
                0x10001bbc                hw_claim_unused_from_range
 .text.next_striped_spin_lock_num
                0x10001c58       0x18 CMakeFiles/protobrain2.dir/home/flyingthings/.pico-sdk/sdk/2.2.0/src/rp2_common/hardware_sync/sync.c.o
                0x10001c58                next_striped_spin_lock_num
 .text.spin_lock_claim_unused
                0x10001c70       0x24 CMakeFiles/protobrain2.dir/home/flyingthings/.pico-sdk/sdk/2.2.0/src/rp2_common/hardware_sync/sync.c.o
                0x10001c70                spin_lock_claim_unused
 .text.spin_locks_reset
                0x10001c94       0x1c CMakeFiles/protobrain2.dir/home/flyingthings/.pico-sdk/sdk/2.2.0/src/rp2_common/hardware_sync_spin_lock/sync_spin_lock.c.o
                0x10001c94                spin_locks_reset
 .text.runtime_init_per_core_irq_priorities
                0x10001cb0       0x24 CMakeFiles/protobrain2.dir/home/flyingthings/.pico-sdk/sdk/2.2.0/src/rp2_common/hardware_irq/irq.c.o
                0x10001cb0                runtime_init_per_core_irq_priorities
 .text.irq_set_enabled
                0x10001cd4       0x24 CMakeFiles/protobrain2.dir/home/flyingthings/.pico-sdk/sdk/2.2.0/src/rp2_common/hardware_irq/irq.c.o
                0x10001cd4                irq_set_enabled
 .text.irq_is_enabled
                0x10001cf8       0x18 CMakeFiles/protobrain2.dir/home/flyingthings/.pico-sdk/sdk/2.2.0/src/rp2_common/hardware_irq/irq.c.o
                0x10001cf8                irq_is_enabled
 .text.irq_set_pending
                0x10001d10       0x10 CMakeFiles/protobrain2.dir/home/flyingthings/.pico-sdk/sdk/2.2.0/src/rp2_common/hardware_irq/irq.c.o
                0x10001d10                irq_set_pending
 .text.irq_has_shared_handler
                0x10001d20       0x24 CMakeFiles/protobrain2.dir/home/flyingthings/.pico-sdk/sdk/2.2.0/src/rp2_common/hardware_irq/irq.c.o
                0x10001d20                irq_has_shared_handler
 .text.irq_set_exclusive_handler
                0x10001d44       0x54 CMakeFiles/protobrain2.dir/home/flyingthings/.pico-sdk/sdk/2.2.0/src/rp2_common/hardware_irq/irq.c.o
                0x10001d44                irq_set_exclusive_handler
 .text.irq_add_shared_handler
                0x10001d98      0x1f4 CMakeFiles/protobrain2.dir/home/flyingthings/.pico-sdk/sdk/2.2.0/src/rp2_common/hardware_irq/irq.c.o
                0x10001d98                irq_add_shared_handler
 .text.irq_add_tail_to_free_list
                0x10001f8c       0xe4 CMakeFiles/protobrain2.dir/home/flyingthings/.pico-sdk/sdk/2.2.0/src/rp2_common/hardware_irq/irq.c.o
                0x10001f8c                irq_add_tail_to_free_list
 .text.user_irq_claim_unused
                0x10002070       0x2c CMakeFiles/protobrain2.dir/home/flyingthings/.pico-sdk/sdk/2.2.0/src/rp2_common/hardware_irq/irq.c.o
                0x10002070                user_irq_claim_unused
 .text.lock_init
                0x1000209c       0x10 CMakeFiles/protobrain2.dir/home/flyingthings/.pico-sdk/sdk/2.2.0/src/common/pico_sync/lock_core.c.o
                0x1000209c                lock_init
 .text.runtime_init_mutex
                0x100020ac       0x58 CMakeFiles/protobrain2.dir/home/flyingthings/.pico-sdk/sdk/2.2.0/src/common/pico_sync/mutex.c.o
                0x100020ac                runtime_init_mutex
 .text.mutex_init
                0x10002104       0x1c CMakeFiles/protobrain2.dir/home/flyingthings/.pico-sdk/sdk/2.2.0/src/common/pico_sync/mutex.c.o
                0x10002104                mutex_init
 .text.critical_section_init
                0x10002120       0x1c CMakeFiles/protobrain2.dir/home/flyingthings/.pico-sdk/sdk/2.2.0/src/common/pico_sync/critical_section.c.o
                0x10002120                critical_section_init
 .text.critical_section_init_with_lock_num
                0x1000213c       0x14 CMakeFiles/protobrain2.dir/home/flyingthings/.pico-sdk/sdk/2.2.0/src/common/pico_sync/critical_section.c.o
                0x1000213c                critical_section_init_with_lock_num
 .text.sleep_until_callback
                0x10002150       0x30 CMakeFiles/protobrain2.dir/home/flyingthings/.pico-sdk/sdk/2.2.0/src/common/pico_time/time.c.o
 .text.alarm_pool_irq_handler
                0x10002180      0x300 CMakeFiles/protobrain2.dir/home/flyingthings/.pico-sdk/sdk/2.2.0/src/common/pico_time/time.c.o
 .text.runtime_init_default_alarm_pool
                0x10002480       0xdc CMakeFiles/protobrain2.dir/home/flyingthings/.pico-sdk/sdk/2.2.0/src/common/pico_time/time.c.o
                0x10002480                runtime_init_default_alarm_pool
 .text.alarm_pool_get_default
                0x1000255c        0x8 CMakeFiles/protobrain2.dir/home/flyingthings/.pico-sdk/sdk/2.2.0/src/common/pico_time/time.c.o
                0x1000255c                alarm_pool_get_default
 .text.alarm_pool_add_alarm_at
                0x10002564       0xd4 CMakeFiles/protobrain2.dir/home/flyingthings/.pico-sdk/sdk/2.2.0/src/common/pico_time/time.c.o
                0x10002564                alarm_pool_add_alarm_at
 .text.alarm_pool_add_alarm_at_force_in_context
                0x10002638       0xb0 CMakeFiles/protobrain2.dir/home/flyingthings/.pico-sdk/sdk/2.2.0/src/common/pico_time/time.c.o
                0x10002638                alarm_pool_add_alarm_at_force_in_context
 .text.alarm_pool_cancel_alarm
                0x100026e8       0x74 CMakeFiles/protobrain2.dir/home/flyingthings/.pico-sdk/sdk/2.2.0/src/common/pico_time/time.c.o
                0x100026e8                alarm_pool_cancel_alarm
 .text.alarm_pool_core_num
                0x1000275c        0x4 CMakeFiles/protobrain2.dir/home/flyingthings/.pico-sdk/sdk/2.2.0/src/common/pico_time/time.c.o
                0x1000275c                alarm_pool_core_num
 .text.sleep_until
                0x10002760       0xd8 CMakeFiles/protobrain2.dir/home/flyingthings/.pico-sdk/sdk/2.2.0/src/common/pico_time/time.c.o
                0x10002760                sleep_until
 .text.sleep_ms
                0x10002838       0x38 CMakeFiles/protobrain2.dir/home/flyingthings/.pico-sdk/sdk/2.2.0/src/common/pico_time/time.c.o
                0x10002838                sleep_ms
 .text.best_effort_wfe_or_timeout
                0x10002870       0xfc CMakeFiles/protobrain2.dir/home/flyingthings/.pico-sdk/sdk/2.2.0/src/common/pico_time/time.c.o
                0x10002870                best_effort_wfe_or_timeout
 .text.alarm_pool_add_repeating_timer_us
                0x1000296c      0x128 CMakeFiles/protobrain2.dir/home/flyingthings/.pico-sdk/sdk/2.2.0/src/common/pico_time/time.c.o
                0x1000296c                alarm_pool_add_repeating_timer_us
 .text.timer_hardware_alarm_claim
                0x10002a94       0x14 CMakeFiles/protobrain2.dir/home/flyingthings/.pico-sdk/sdk/2.2.0/src/rp2_common/hardware_timer/timer.c.o
                0x10002a94                timer_hardware_alarm_claim
 .text.timer_time_us_64
                0x10002aa8       0x10 CMakeFiles/protobrain2.dir/home/flyingthings/.pico-sdk/sdk/2.2.0/src/rp2_common/hardware_timer/timer.c.o
                0x10002aa8                timer_time_us_64
 .text.time_us_64
                0x10002ab8       0x14 CMakeFiles/protobrain2.dir/home/flyingthings/.pico-sdk/sdk/2.2.0/src/rp2_common/hardware_timer/timer.c.o
                0x10002ab8                time_us_64
 .text.busy_wait_us
                0x10002acc       0x68 CMakeFiles/protobrain2.dir/home/flyingthings/.pico-sdk/sdk/2.2.0/src/rp2_common/hardware_timer/timer.c.o
                0x10002acc                busy_wait_us
 .text.busy_wait_ms
                0x10002b34       0x9c CMakeFiles/protobrain2.dir/home/flyingthings/.pico-sdk/sdk/2.2.0/src/rp2_common/hardware_timer/timer.c.o
                0x10002b34                busy_wait_ms
 .text.busy_wait_until
                0x10002bd0       0x20 CMakeFiles/protobrain2.dir/home/flyingthings/.pico-sdk/sdk/2.2.0/src/rp2_common/hardware_timer/timer.c.o
                0x10002bd0                busy_wait_until
 .text.pico_mktime
                0x10002bf0        0x8 CMakeFiles/protobrain2.dir/home/flyingthings/.pico-sdk/sdk/2.2.0/src/common/pico_util/datetime.c.o
                0x10002bf0                pico_mktime
 .text.datetime_to_tm
                0x10002bf8       0x38 CMakeFiles/protobrain2.dir/home/flyingthings/.pico-sdk/sdk/2.2.0/src/common/pico_util/datetime.c.o
                0x10002bf8                datetime_to_tm
 .text.uart_init
                0x10002c30      0x11c CMakeFiles/protobrain2.dir/home/flyingthings/.pico-sdk/sdk/2.2.0/src/rp2_common/hardware_uart/uart.c.o
                0x10002c30                uart_init
 .text.uart_set_format
                0x10002d4c       0x78 CMakeFiles/protobrain2.dir/home/flyingthings/.pico-sdk/sdk/2.2.0/src/rp2_common/hardware_uart/uart.c.o
                0x10002d4c                uart_set_format
 .text.uart_set_fifo_enabled
                0x10002dc4       0x5c CMakeFiles/protobrain2.dir/home/flyingthings/.pico-sdk/sdk/2.2.0/src/rp2_common/hardware_uart/uart.c.o
                0x10002dc4                uart_set_fifo_enabled
 .text.clock_configure_int_divider
                0x10002e20       0xf4 CMakeFiles/protobrain2.dir/home/flyingthings/.pico-sdk/sdk/2.2.0/src/rp2_common/hardware_clocks/clocks.c.o
                0x10002e20                clock_configure_int_divider
 .text.clock_configure_undivided
                0x10002f14       0xe8 CMakeFiles/protobrain2.dir/home/flyingthings/.pico-sdk/sdk/2.2.0/src/rp2_common/hardware_clocks/clocks.c.o
                0x10002f14                clock_configure_undivided
 .text.clock_get_hz
                0x10002ffc        0xc CMakeFiles/protobrain2.dir/home/flyingthings/.pico-sdk/sdk/2.2.0/src/rp2_common/hardware_clocks/clocks.c.o
                0x10002ffc                clock_get_hz
 .text.set_sys_clock_pll
                0x10003008      0x1b8 CMakeFiles/protobrain2.dir/home/flyingthings/.pico-sdk/sdk/2.2.0/src/rp2_common/hardware_clocks/clocks.c.o
                0x10003008                set_sys_clock_pll
 .text.pll_init
                0x100031c0       0xa0 CMakeFiles/protobrain2.dir/home/flyingthings/.pico-sdk/sdk/2.2.0/src/rp2_common/hardware_pll/pll.c.o
                0x100031c0                pll_init
 .text.watchdog_reboot
                0x10003260       0x9c CMakeFiles/protobrain2.dir/home/flyingthings/.pico-sdk/sdk/2.2.0/src/rp2_common/hardware_watchdog/watchdog.c.o
                0x10003260                watchdog_reboot
 .text.tick_start
                0x100032fc       0x10 CMakeFiles/protobrain2.dir/home/flyingthings/.pico-sdk/sdk/2.2.0/src/rp2_common/hardware_ticks/ticks.c.o
                0x100032fc                tick_start
 .text.rom_func_lookup
                0x1000330c       0x10 CMakeFiles/protobrain2.dir/home/flyingthings/.pico-sdk/sdk/2.2.0/src/rp2_common/pico_bootrom/bootrom.c.o
                0x1000330c                rom_func_lookup
 .text.rom_data_lookup
                0x1000331c       0x10 CMakeFiles/protobrain2.dir/home/flyingthings/.pico-sdk/sdk/2.2.0/src/rp2_common/pico_bootrom/bootrom.c.o
                0x1000331c                rom_data_lookup
 .text.rom_funcs_lookup
                0x1000332c       0x44 CMakeFiles/protobrain2.dir/home/flyingthings/.pico-sdk/sdk/2.2.0/src/rp2_common/pico_bootrom/bootrom.c.o
                0x1000332c                rom_funcs_lookup
 .text.rom_reset_usb_boot_extra
                0x10003370       0x28 CMakeFiles/protobrain2.dir/home/flyingthings/.pico-sdk/sdk/2.2.0/src/rp2_common/pico_bootrom/bootrom.c.o
                0x10003370                rom_reset_usb_boot_extra
 .text.xosc_init
                0x10003398       0x28 CMakeFiles/protobrain2.dir/home/flyingthings/.pico-sdk/sdk/2.2.0/src/rp2_common/hardware_xosc/xosc.c.o
                0x10003398                xosc_init
 .text.first_per_core_initializer
                0x100033c0        0x4 CMakeFiles/protobrain2.dir/home/flyingthings/.pico-sdk/sdk/2.2.0/src/rp2_common/pico_runtime/runtime.c.o
 .text.hard_assertion_failure
                0x100033c4        0xc CMakeFiles/protobrain2.dir/home/flyingthings/.pico-sdk/sdk/2.2.0/src/rp2_common/pico_runtime/runtime.c.o
                0x100033c4                hard_assertion_failure
 .text.runtime_run_initializers
                0x100033d0       0x28 CMakeFiles/protobrain2.dir/home/flyingthings/.pico-sdk/sdk/2.2.0/src/rp2_common/pico_runtime/runtime.c.o
                0x100033d0                runtime_run_initializers
 .text.runtime_init_early_resets
                0x100033f8       0x2c CMakeFiles/protobrain2.dir/home/flyingthings/.pico-sdk/sdk/2.2.0/src/rp2_common/pico_runtime_init/runtime_init.c.o
                0x100033f8                runtime_init_early_resets
 .text.runtime_init_usb_power_down
                0x10003424       0x1c CMakeFiles/protobrain2.dir/home/flyingthings/.pico-sdk/sdk/2.2.0/src/rp2_common/pico_runtime_init/runtime_init.c.o
                0x10003424                runtime_init_usb_power_down
 .text.runtime_init_post_clock_resets
                0x10003440       0x20 CMakeFiles/protobrain2.dir/home/flyingthings/.pico-sdk/sdk/2.2.0/src/rp2_common/pico_runtime_init/runtime_init.c.o
                0x10003440                runtime_init_post_clock_resets
 .text.runtime_init_rp2040_gpio_ie_disable
                0x10003460       0x14 CMakeFiles/protobrain2.dir/home/flyingthings/.pico-sdk/sdk/2.2.0/src/rp2_common/pico_runtime_init/runtime_init.c.o
                0x10003460                runtime_init_rp2040_gpio_ie_disable
 .text.runtime_init_spin_locks_reset
                0x10003474        0x8 CMakeFiles/protobrain2.dir/home/flyingthings/.pico-sdk/sdk/2.2.0/src/rp2_common/pico_runtime_init/runtime_init.c.o
                0x10003474                runtime_init_spin_locks_reset
 .text.runtime_init_install_ram_vector_table
                0x1000347c       0xc4 CMakeFiles/protobrain2.dir/home/flyingthings/.pico-sdk/sdk/2.2.0/src/rp2_common/pico_runtime_init/runtime_init.c.o
                0x1000347c                runtime_init_install_ram_vector_table
 .text.runtime_init_clocks
                0x10003540       0xd8 CMakeFiles/protobrain2.dir/home/flyingthings/.pico-sdk/sdk/2.2.0/src/rp2_common/pico_runtime_init/runtime_init_clocks.c.o
                0x10003540                runtime_init_clocks
 .text          0x10003618       0x10 CMakeFiles/protobrain2.dir/home/flyingthings/.pico-sdk/sdk/2.2.0/src/rp2_common/pico_bit_ops/bit_ops_aeabi.S.o
 .text.__wrap___aeabi_idiv
                0x10003628       0x50 CMakeFiles/protobrain2.dir/home/flyingthings/.pico-sdk/sdk/2.2.0/src/rp2_common/pico_divider/divider_hardware.S.o
                0x10003628                __wrap___aeabi_idivmod
                0x10003628                divmod_s32s32
                0x10003628                div_s32s32
                0x10003628                __wrap___aeabi_idiv
                0x10003630                divmod_s32s32_unsafe
                0x1000365c                divmod_s32s32_savestate
 .text.__wrap___aeabi_uidiv
                0x10003678       0x4c CMakeFiles/protobrain2.dir/home/flyingthings/.pico-sdk/sdk/2.2.0/src/rp2_common/pico_divider/divider_hardware.S.o
                0x10003678                __wrap___aeabi_uidiv
                0x10003678                __wrap___aeabi_uidivmod
                0x10003678                div_u32u32
                0x10003678                divmod_u32u32
                0x10003680                divmod_u32u32_unsafe
                0x100036a8                divmod_u32u32_savestate
 .text.__wrap___aeabi_ldiv
                0x100036c4      0x424 CMakeFiles/protobrain2.dir/home/flyingthings/.pico-sdk/sdk/2.2.0/src/rp2_common/pico_divider/divider_hardware.S.o
                0x100036c4                div_s64s64
                0x100036c4                divmod_s64s64
                0x100036c4                __wrap___aeabi_ldivmod
                0x100036f4                div_u64u64
                0x100036f4                divmod_u64u64
                0x100036f4                __wrap___aeabi_uldivmod
                0x10003704                divmod_u64u64_savestate
                0x10003724                divmod_s64s64_unsafe
                0x100037ac                divmod_u64u64_unsafe
 .text.__wrap___aeabi_darithmetic
                0x10003ae8       0x80 CMakeFiles/protobrain2.dir/home/flyingthings/.pico-sdk/sdk/2.2.0/src/rp2_common/pico_double/double_aeabi_rp2040.S.o
                0x10003ae8                __wrap___aeabi_drsub
                0x10003aee                __wrap___aeabi_dsub
                0x10003b00                __wrap___aeabi_dadd
                0x10003b12                __wrap___aeabi_ddiv
                0x10003b4e                __wrap___aeabi_dmul
 .text.__wrap___aeabi_cdcmple
                0x10003b68       0x6c CMakeFiles/protobrain2.dir/home/flyingthings/.pico-sdk/sdk/2.2.0/src/rp2_common/pico_double/double_aeabi_rp2040.S.o
                0x10003b68                __wrap___aeabi_cdrcmple
                0x10003b78                __wrap___aeabi_cdcmple
                0x10003b78                __wrap___aeabi_cdcmpeq
 .text.__wrap___aeabi_dcmpeq
                0x10003bd4       0x10 CMakeFiles/protobrain2.dir/home/flyingthings/.pico-sdk/sdk/2.2.0/src/rp2_common/pico_double/double_aeabi_rp2040.S.o
                0x10003bd4                __wrap___aeabi_dcmpeq
 .text.__wrap___aeabi_dcmplt
                0x10003be4        0xc CMakeFiles/protobrain2.dir/home/flyingthings/.pico-sdk/sdk/2.2.0/src/rp2_common/pico_double/double_aeabi_rp2040.S.o
                0x10003be4                __wrap___aeabi_dcmplt
 .text.__wrap___aeabi_dcmple
                0x10003bf0       0x10 CMakeFiles/protobrain2.dir/home/flyingthings/.pico-sdk/sdk/2.2.0/src/rp2_common/pico_double/double_aeabi_rp2040.S.o
                0x10003bf0                __wrap___aeabi_dcmple
 .text.__wrap___aeabi_dcmpge
                0x10003c00       0x10 CMakeFiles/protobrain2.dir/home/flyingthings/.pico-sdk/sdk/2.2.0/src/rp2_common/pico_double/double_aeabi_rp2040.S.o
                0x10003c00                __wrap___aeabi_dcmpge
 .text.__wrap___aeabi_dcmpgt
                0x10003c10        0xa CMakeFiles/protobrain2.dir/home/flyingthings/.pico-sdk/sdk/2.2.0/src/rp2_common/pico_double/double_aeabi_rp2040.S.o
                0x10003c10                __wrap___aeabi_dcmpgt
 .text.__wrap___aeabi_dcmpun
                0x10003c1a       0x18 CMakeFiles/protobrain2.dir/home/flyingthings/.pico-sdk/sdk/2.2.0/src/rp2_common/pico_double/double_aeabi_rp2040.S.o
                0x10003c1a                __wrap___aeabi_dcmpun
 *fill*         0x10003c32        0x2 
 .text.__wrap___aeabi_i2d
                0x10003c34       0x38 CMakeFiles/protobrain2.dir/home/flyingthings/.pico-sdk/sdk/2.2.0/src/rp2_common/pico_double/double_aeabi_rp2040.S.o
                0x10003c34                __wrap___aeabi_ui2d
                0x10003c34                uint2double
                0x10003c3c                __wrap___aeabi_i2d
                0x10003c3c                int2double
 .text.__wrap___aeabi_d2iz
                0x10003c6c       0x48 CMakeFiles/protobrain2.dir/home/flyingthings/.pico-sdk/sdk/2.2.0/src/rp2_common/pico_double/double_aeabi_rp2040.S.o
                0x10003c6c                __wrap___aeabi_d2iz
                0x10003c6c                double2int_z
 .text.__wrap___aeabi_d2uiz
                0x10003cb4       0x18 CMakeFiles/protobrain2.dir/home/flyingthings/.pico-sdk/sdk/2.2.0/src/rp2_common/pico_double/double_aeabi_rp2040.S.o
                0x10003cb4                double2uint_z
                0x10003cb4                double2uint
                0x10003cb4                __wrap___aeabi_d2uiz
 .text.__wrap___aeabi_d2f
                0x10003ccc       0x18 CMakeFiles/protobrain2.dir/home/flyingthings/.pico-sdk/sdk/2.2.0/src/rp2_common/pico_double/double_aeabi_rp2040.S.o
                0x10003ccc                __wrap___aeabi_d2f
 .text.__wrap_exp
                0x10003ce4       0x18 CMakeFiles/protobrain2.dir/home/flyingthings/.pico-sdk/sdk/2.2.0/src/rp2_common/pico_double/double_aeabi_rp2040.S.o
                0x10003ce4                __wrap_exp
 .text.__wrap_log
                0x10003cfc       0x18 CMakeFiles/protobrain2.dir/home/flyingthings/.pico-sdk/sdk/2.2.0/src/rp2_common/pico_double/double_aeabi_rp2040.S.o
                0x10003cfc                __wrap_log
 .text.__aeabi_double_init
                0x10003d14       0xa4 CMakeFiles/protobrain2.dir/home/flyingthings/.pico-sdk/sdk/2.2.0/src/rp2_common/pico_double/double_init_rom_rp2040.c.o
                0x10003d14                __aeabi_double_init
 .text.dpow_1   0x10003db8      0x264 CMakeFiles/protobrain2.dir/home/flyingthings/.pico-sdk/sdk/2.2.0/src/rp2_common/pico_double/double_math.c.o
 .text.dpow_int2
                0x1000401c       0xd8 CMakeFiles/protobrain2.dir/home/flyingthings/.pico-sdk/sdk/2.2.0/src/rp2_common/pico_double/double_math.c.o
 .text.dpow_0   0x100040f4      0x174 CMakeFiles/protobrain2.dir/home/flyingthings/.pico-sdk/sdk/2.2.0/src/rp2_common/pico_double/double_math.c.o
 .text.__wrap_ldexp
                0x10004268       0x4c CMakeFiles/protobrain2.dir/home/flyingthings/.pico-sdk/sdk/2.2.0/src/rp2_common/pico_double/double_math.c.o
                0x10004268                __wrap_ldexp
 .text.__wrap_round
                0x100042b4       0x9c CMakeFiles/protobrain2.dir/home/flyingthings/.pico-sdk/sdk/2.2.0/src/rp2_common/pico_double/double_math.c.o
                0x100042b4                __wrap_round
 .text.__wrap_exp2
                0x10004350       0xbc CMakeFiles/protobrain2.dir/home/flyingthings/.pico-sdk/sdk/2.2.0/src/rp2_common/pico_double/double_math.c.o
                0x10004350                __wrap_exp2
 .text.__wrap_pow
                0x1000440c      0x31c CMakeFiles/protobrain2.dir/home/flyingthings/.pico-sdk/sdk/2.2.0/src/rp2_common/pico_double/double_math.c.o
                0x1000440c                __wrap_pow
 .text.double_table_shim_on_use_helper
                0x10004728       0x2c CMakeFiles/protobrain2.dir/home/flyingthings/.pico-sdk/sdk/2.2.0/src/rp2_common/pico_double/double_v1_rom_shim_rp2040.S.o
                0x10004728                double_table_shim_on_use_helper
 .text.__wrap___aeabi_dsub
                0x10004754       0x10 CMakeFiles/protobrain2.dir/home/flyingthings/.pico-sdk/sdk/2.2.0/src/rp2_common/pico_double/double_v1_rom_shim_rp2040.S.o
                0x10004754                drsub_shim
                0x1000475a                dsub_shim
 .text.dadd_shim
                0x10004764      0x15c CMakeFiles/protobrain2.dir/home/flyingthings/.pico-sdk/sdk/2.2.0/src/rp2_common/pico_double/double_v1_rom_shim_rp2040.S.o
                0x10004764                dadd_shim
 .text.dmul_shim
                0x100048c0      0x15c CMakeFiles/protobrain2.dir/home/flyingthings/.pico-sdk/sdk/2.2.0/src/rp2_common/pico_double/double_v1_rom_shim_rp2040.S.o
                0x100048c0                dmul_shim
 .text.ddiv_shim
                0x10004a1c      0x1b0 CMakeFiles/protobrain2.dir/home/flyingthings/.pico-sdk/sdk/2.2.0/src/rp2_common/pico_double/double_v1_rom_shim_rp2040.S.o
                0x10004a1c                ddiv_shim
 .text.double2uint_shim
                0x10004bcc        0xe CMakeFiles/protobrain2.dir/home/flyingthings/.pico-sdk/sdk/2.2.0/src/rp2_common/pico_double/double_v1_rom_shim_rp2040.S.o
                0x10004bcc                double2uint_shim
                0x10004bce                double2ufix_shim
 *fill*         0x10004bda        0x2 
 .text.double2uint64_shim
                0x10004bdc       0x70 CMakeFiles/protobrain2.dir/home/flyingthings/.pico-sdk/sdk/2.2.0/src/rp2_common/pico_double/double_v1_rom_shim_rp2040.S.o
                0x10004bdc                double2uint64_shim
                0x10004bde                double2ufix64_shim
                0x10004bfe                d2fix_a
 .text.double2float_shim
                0x10004c4c       0x5c CMakeFiles/protobrain2.dir/home/flyingthings/.pico-sdk/sdk/2.2.0/src/rp2_common/pico_double/double_v1_rom_shim_rp2040.S.o
                0x10004c4c                double2float_shim
 .text.x2double_shims
                0x10004ca8       0x90 CMakeFiles/protobrain2.dir/home/flyingthings/.pico-sdk/sdk/2.2.0/src/rp2_common/pico_double/double_v1_rom_shim_rp2040.S.o
                0x10004ca8                uint2double_shim
                0x10004caa                ufix2double_shim
                0x10004cb0                int2double_shim
                0x10004cb2                fix2double_shim
                0x10004cb8                uint642double_shim
                0x10004cba                ufix642double_shim
                0x10004cc0                int642double_shim
                0x10004cc2                fix642double_shim
 .text.dunpacks
                0x10004d38       0x3c CMakeFiles/protobrain2.dir/home/flyingthings/.pico-sdk/sdk/2.2.0/src/rp2_common/pico_double/double_v1_rom_shim_rp2040.S.o
                0x10004d38                dunpacks
 .text.dreduce  0x10004d74       0x82 CMakeFiles/protobrain2.dir/home/flyingthings/.pico-sdk/sdk/2.2.0/src/rp2_common/pico_double/double_v1_rom_shim_rp2040.S.o
                0x10004d74                dreduce
 *fill*         0x10004df6        0x2 
 .text.dexp_guts
                0x10004df8      0x268 CMakeFiles/protobrain2.dir/home/flyingthings/.pico-sdk/sdk/2.2.0/src/rp2_common/pico_double/double_v1_rom_shim_rp2040.S.o
                0x10004df8                dexp_shim
                0x10004e94                dln_shim
 .text.__aeabi_lmul
                0x10005060       0x32 CMakeFiles/protobrain2.dir/home/flyingthings/.pico-sdk/sdk/2.2.0/src/rp2_common/pico_int64_ops/pico_int64_ops_aeabi.S.o
                0x10005060                __wrap___aeabi_lmul
 *fill*         0x10005092        0x2 
 .text.__wrap___aeabi_farithmetic
                0x10005094       0x48 CMakeFiles/protobrain2.dir/home/flyingthings/.pico-sdk/sdk/2.2.0/src/rp2_common/pico_float/float_aeabi_rp2040.S.o
                0x10005094                __wrap___aeabi_frsub
                0x1000509a                __wrap___aeabi_fsub
                0x100050a0                __wrap___aeabi_fadd
                0x100050a6                __wrap___aeabi_fdiv
                0x100050ce                __wrap___aeabi_fmul
 .text.__wrap___aeabi_ui2f
                0x100050dc        0xa CMakeFiles/protobrain2.dir/home/flyingthings/.pico-sdk/sdk/2.2.0/src/rp2_common/pico_float/float_aeabi_rp2040.S.o
                0x100050dc                uint2float
                0x100050dc                __wrap___aeabi_ui2f
 *fill*         0x100050e6        0x2 
 .text.__wrap___aeabi_i2f
                0x100050e8       0x44 CMakeFiles/protobrain2.dir/home/flyingthings/.pico-sdk/sdk/2.2.0/src/rp2_common/pico_float/float_aeabi_rp2040.S.o
                0x100050e8                int2float
                0x100050e8                __wrap___aeabi_i2f
 .text.__wrap___aeabi_f2uiz
                0x1000512c        0xc CMakeFiles/protobrain2.dir/home/flyingthings/.pico-sdk/sdk/2.2.0/src/rp2_common/pico_float/float_aeabi_rp2040.S.o
                0x1000512c                float2uint
                0x1000512c                float2uint_z
                0x1000512c                __wrap___aeabi_f2uiz
 .text.__aeabi_float_init
                0x10005138       0x64 CMakeFiles/protobrain2.dir/home/flyingthings/.pico-sdk/sdk/2.2.0/src/rp2_common/pico_float/float_init_rom_rp2040.c.o
                0x10005138                __aeabi_float_init
 .text.float_table_shim_on_use_helper
                0x1000519c       0x2c CMakeFiles/protobrain2.dir/home/flyingthings/.pico-sdk/sdk/2.2.0/src/rp2_common/pico_float/float_v1_rom_shim_rp2040.S.o
                0x1000519c                float_table_shim_on_use_helper
 .text.__wrap_malloc
                0x100051c8       0x24 CMakeFiles/protobrain2.dir/home/flyingthings/.pico-sdk/sdk/2.2.0/src/rp2_common/pico_malloc/malloc.c.o
                0x100051c8                __wrap_malloc
 .text.__wrap_free
                0x100051ec        0x8 CMakeFiles/protobrain2.dir/home/flyingthings/.pico-sdk/sdk/2.2.0/src/rp2_common/pico_malloc/malloc.c.o
                0x100051ec                __wrap_free
 .text          0x100051f4       0x10 CMakeFiles/protobrain2.dir/home/flyingthings/.pico-sdk/sdk/2.2.0/src/rp2_common/pico_mem_ops/mem_ops_aeabi.S.o
                0x100051f4                __aeabi_mem_init
 .text.memset   0x10005204        0xc CMakeFiles/protobrain2.dir/home/flyingthings/.pico-sdk/sdk/2.2.0/src/rp2_common/pico_mem_ops/mem_ops_aeabi.S.o
                0x10005204                __wrap_memset
 .text.memcpy   0x10005210        0xc CMakeFiles/protobrain2.dir/home/flyingthings/.pico-sdk/sdk/2.2.0/src/rp2_common/pico_mem_ops/mem_ops_aeabi.S.o
                0x10005210                __wrap___aeabi_memcpy
                0x10005210                __wrap_memcpy
 .text._out_buffer
                0x1000521c        0x8 CMakeFiles/protobrain2.dir/home/flyingthings/.pico-sdk/sdk/2.2.0/src/rp2_common/pico_printf/printf.c.o
 .text._out_null
                0x10005224        0x4 CMakeFiles/protobrain2.dir/home/flyingthings/.pico-sdk/sdk/2.2.0/src/rp2_common/pico_printf/printf.c.o
 .text._out_rev
                0x10005228       0x90 CMakeFiles/protobrain2.dir/home/flyingthings/.pico-sdk/sdk/2.2.0/src/rp2_common/pico_printf/printf.c.o
 .text._ntoa_format
                0x100052b8      0x1f4 CMakeFiles/protobrain2.dir/home/flyingthings/.pico-sdk/sdk/2.2.0/src/rp2_common/pico_printf/printf.c.o
 .text._out_char
                0x100054ac       0x10 CMakeFiles/protobrain2.dir/home/flyingthings/.pico-sdk/sdk/2.2.0/src/rp2_common/pico_printf/printf.c.o
 .text._out_fct
                0x100054bc       0x10 CMakeFiles/protobrain2.dir/home/flyingthings/.pico-sdk/sdk/2.2.0/src/rp2_common/pico_printf/printf.c.o
 .text._etoa    0x100054cc      0x454 CMakeFiles/protobrain2.dir/home/flyingthings/.pico-sdk/sdk/2.2.0/src/rp2_common/pico_printf/printf.c.o
 .text._ftoa    0x10005920      0x3c4 CMakeFiles/protobrain2.dir/home/flyingthings/.pico-sdk/sdk/2.2.0/src/rp2_common/pico_printf/printf.c.o
 .text._vsnprintf
                0x10005ce4      0xb24 CMakeFiles/protobrain2.dir/home/flyingthings/.pico-sdk/sdk/2.2.0/src/rp2_common/pico_printf/printf.c.o
 .text.__wrap_sprintf
                0x10006808       0x2c CMakeFiles/protobrain2.dir/home/flyingthings/.pico-sdk/sdk/2.2.0/src/rp2_common/pico_printf/printf.c.o
                0x10006808                __wrap_sprintf
 .text.__wrap_snprintf
                0x10006834       0x28 CMakeFiles/protobrain2.dir/home/flyingthings/.pico-sdk/sdk/2.2.0/src/rp2_common/pico_printf/printf.c.o
                0x10006834                __wrap_snprintf
 .text.__wrap_vsnprintf
                0x1000685c       0x1c CMakeFiles/protobrain2.dir/home/flyingthings/.pico-sdk/sdk/2.2.0/src/rp2_common/pico_printf/printf.c.o
                0x1000685c                __wrap_vsnprintf
 .text.vfctprintf
                0x10006878       0x20 CMakeFiles/protobrain2.dir/home/flyingthings/.pico-sdk/sdk/2.2.0/src/rp2_common/pico_printf/printf.c.o
                0x10006878                vfctprintf
 .text.weak_raw_vprintf
                0x10006898       0x30 CMakeFiles/protobrain2.dir/home/flyingthings/.pico-sdk/sdk/2.2.0/src/rp2_common/pico_printf/printf.c.o
                0x10006898                weak_raw_vprintf
 .text._exit    0x100068c8        0x4 CMakeFiles/protobrain2.dir/home/flyingthings/.pico-sdk/sdk/2.2.0/src/rp2_common/pico_clib_interface/newlib_interface.c.o
                0x100068c8                _exit
 .text._sbrk    0x100068cc       0x34 CMakeFiles/protobrain2.dir/home/flyingthings/.pico-sdk/sdk/2.2.0/src/rp2_common/pico_clib_interface/newlib_interface.c.o
                0x100068cc                _sbrk
 .text._read    0x10006900       0x24 CMakeFiles/protobrain2.dir/home/flyingthings/.pico-sdk/sdk/2.2.0/src/rp2_common/pico_clib_interface/newlib_interface.c.o
                0x10006900                _read
 .text._write   0x10006924       0x24 CMakeFiles/protobrain2.dir/home/flyingthings/.pico-sdk/sdk/2.2.0/src/rp2_common/pico_clib_interface/newlib_interface.c.o
                0x10006924                _write
 .text._close   0x10006948        0x8 CMakeFiles/protobrain2.dir/home/flyingthings/.pico-sdk/sdk/2.2.0/src/rp2_common/pico_clib_interface/newlib_interface.c.o
                0x10006948                _close
 .text._lseek   0x10006950        0x8 CMakeFiles/protobrain2.dir/home/flyingthings/.pico-sdk/sdk/2.2.0/src/rp2_common/pico_clib_interface/newlib_interface.c.o
                0x10006950                _lseek
 .text.exit     0x10006958        0x8 CMakeFiles/protobrain2.dir/home/flyingthings/.pico-sdk/sdk/2.2.0/src/rp2_common/pico_clib_interface/newlib_interface.c.o
                0x10006958                exit
 .text.runtime_init
                0x10006960       0x2c CMakeFiles/protobrain2.dir/home/flyingthings/.pico-sdk/sdk/2.2.0/src/rp2_common/pico_clib_interface/newlib_interface.c.o
                0x10006960                runtime_init
 .text.stdio_out_chars_no_crlf
                0x1000698c       0x10 CMakeFiles/protobrain2.dir/home/flyingthings/.pico-sdk/sdk/2.2.0/src/rp2_common/pico_stdio/stdio.c.o
 .text.stdio_out_chars_crlf
                0x1000699c       0xbc CMakeFiles/protobrain2.dir/home/flyingthings/.pico-sdk/sdk/2.2.0/src/rp2_common/pico_stdio/stdio.c.o
 .text.stdio_buffered_printer
                0x10006a58       0x64 CMakeFiles/protobrain2.dir/home/flyingthings/.pico-sdk/sdk/2.2.0/src/rp2_common/pico_stdio/stdio.c.o
 .text.stdio_put_string
                0x10006abc      0x100 CMakeFiles/protobrain2.dir/home/flyingthings/.pico-sdk/sdk/2.2.0/src/rp2_common/pico_stdio/stdio.c.o
                0x10006abc                stdio_put_string
 .text.stdio_get_until
                0x10006bbc       0x84 CMakeFiles/protobrain2.dir/home/flyingthings/.pico-sdk/sdk/2.2.0/src/rp2_common/pico_stdio/stdio.c.o
                0x10006bbc                stdio_get_until
 .text.stdio_set_driver_enabled
                0x10006c40       0x30 CMakeFiles/protobrain2.dir/home/flyingthings/.pico-sdk/sdk/2.2.0/src/rp2_common/pico_stdio/stdio.c.o
                0x10006c40                stdio_set_driver_enabled
 .text.stdio_init_all
                0x10006c70        0x8 CMakeFiles/protobrain2.dir/home/flyingthings/.pico-sdk/sdk/2.2.0/src/rp2_common/pico_stdio/stdio.c.o
                0x10006c70                stdio_init_all
 .text.stdio_getchar_timeout_us
                0x10006c78       0x98 CMakeFiles/protobrain2.dir/home/flyingthings/.pico-sdk/sdk/2.2.0/src/rp2_common/pico_stdio/stdio.c.o
                0x10006c78                stdio_getchar_timeout_us
 .text.stdio_set_chars_available_callback
                0x10006d10       0x30 CMakeFiles/protobrain2.dir/home/flyingthings/.pico-sdk/sdk/2.2.0/src/rp2_common/pico_stdio/stdio.c.o
                0x10006d10                stdio_set_chars_available_callback
 .text.__wrap_putchar
                0x10006d40       0x98 CMakeFiles/protobrain2.dir/home/flyingthings/.pico-sdk/sdk/2.2.0/src/rp2_common/pico_stdio/stdio.c.o
                0x10006d40                stdio_putchar
                0x10006d40                __wrap_putchar
 .text.__wrap_puts
                0x10006dd8       0x3c CMakeFiles/protobrain2.dir/home/flyingthings/.pico-sdk/sdk/2.2.0/src/rp2_common/pico_stdio/stdio.c.o
                0x10006dd8                __wrap_puts
                0x10006dd8                stdio_puts
 .text.__wrap_vprintf
                0x10006e14       0xd4 CMakeFiles/protobrain2.dir/home/flyingthings/.pico-sdk/sdk/2.2.0/src/rp2_common/pico_stdio/stdio.c.o
                0x10006e14                __wrap_vprintf
                0x10006e14                stdio_vprintf
 .text.__wrap_printf
                0x10006ee8       0x18 CMakeFiles/protobrain2.dir/home/flyingthings/.pico-sdk/sdk/2.2.0/src/rp2_common/pico_stdio/stdio.c.o
                0x10006ee8                stdio_printf
                0x10006ee8                __wrap_printf
 .text.resetd_init
                0x10006f00        0x4 CMakeFiles/protobrain2.dir/home/flyingthings/.pico-sdk/sdk/2.2.0/src/rp2_common/pico_stdio_usb/reset_interface.c.o
 .text.resetd_reset
                0x10006f04        0xc CMakeFiles/protobrain2.dir/home/flyingthings/.pico-sdk/sdk/2.2.0/src/rp2_common/pico_stdio_usb/reset_interface.c.o
 .text.resetd_open
                0x10006f10       0x28 CMakeFiles/protobrain2.dir/home/flyingthings/.pico-sdk/sdk/2.2.0/src/rp2_common/pico_stdio_usb/reset_interface.c.o
 .text.resetd_xfer_cb
                0x10006f38        0x4 CMakeFiles/protobrain2.dir/home/flyingthings/.pico-sdk/sdk/2.2.0/src/rp2_common/pico_stdio_usb/reset_interface.c.o
 .text.resetd_control_xfer_cb
                0x10006f3c       0x5c CMakeFiles/protobrain2.dir/home/flyingthings/.pico-sdk/sdk/2.2.0/src/rp2_common/pico_stdio_usb/reset_interface.c.o
 .text.tud_descriptor_bos_cb
                0x10006f98        0x8 CMakeFiles/protobrain2.dir/home/flyingthings/.pico-sdk/sdk/2.2.0/src/rp2_common/pico_stdio_usb/reset_interface.c.o
                0x10006f98                tud_descriptor_bos_cb
 .text.tud_vendor_control_xfer_cb
                0x10006fa0       0x34 CMakeFiles/protobrain2.dir/home/flyingthings/.pico-sdk/sdk/2.2.0/src/rp2_common/pico_stdio_usb/reset_interface.c.o
                0x10006fa0                tud_vendor_control_xfer_cb
 .text.usbd_app_driver_get_cb
                0x10006fd4        0xc CMakeFiles/protobrain2.dir/home/flyingthings/.pico-sdk/sdk/2.2.0/src/rp2_common/pico_stdio_usb/reset_interface.c.o
                0x10006fd4                usbd_app_driver_get_cb
 .text.tud_cdc_line_coding_cb
                0x10006fe0       0x2c CMakeFiles/protobrain2.dir/home/flyingthings/.pico-sdk/sdk/2.2.0/src/rp2_common/pico_stdio_usb/reset_interface.c.o
                0x10006fe0                tud_cdc_line_coding_cb
 .text.stdio_usb_set_chars_available_callback
                0x1000700c       0x14 CMakeFiles/protobrain2.dir/home/flyingthings/.pico-sdk/sdk/2.2.0/src/rp2_common/pico_stdio_usb/stdio_usb.c.o
                0x1000700c                stdio_usb_set_chars_available_callback
 .text.usb_irq  0x10007020       0x10 CMakeFiles/protobrain2.dir/home/flyingthings/.pico-sdk/sdk/2.2.0/src/rp2_common/pico_stdio_usb/stdio_usb.c.o
 .text.timer_task
                0x10007030       0x64 CMakeFiles/protobrain2.dir/home/flyingthings/.pico-sdk/sdk/2.2.0/src/rp2_common/pico_stdio_usb/stdio_usb.c.o
 .text.stdio_usb_in_chars
                0x10007094       0x90 CMakeFiles/protobrain2.dir/home/flyingthings/.pico-sdk/sdk/2.2.0/src/rp2_common/pico_stdio_usb/stdio_usb.c.o
                0x10007094                stdio_usb_in_chars
 .text.stdio_usb_out_flush
                0x10007124       0x50 CMakeFiles/protobrain2.dir/home/flyingthings/.pico-sdk/sdk/2.2.0/src/rp2_common/pico_stdio_usb/stdio_usb.c.o
 .text.stdio_usb_out_chars
                0x10007174      0x104 CMakeFiles/protobrain2.dir/home/flyingthings/.pico-sdk/sdk/2.2.0/src/rp2_common/pico_stdio_usb/stdio_usb.c.o
 .text.low_priority_worker_irq
                0x10007278       0xcc CMakeFiles/protobrain2.dir/home/flyingthings/.pico-sdk/sdk/2.2.0/src/rp2_common/pico_stdio_usb/stdio_usb.c.o
 .text.stdio_usb_init
                0x10007344       0xec CMakeFiles/protobrain2.dir/home/flyingthings/.pico-sdk/sdk/2.2.0/src/rp2_common/pico_stdio_usb/stdio_usb.c.o
                0x10007344                stdio_usb_init
 .text.tud_descriptor_device_cb
                0x10007430        0x8 CMakeFiles/protobrain2.dir/home/flyingthings/.pico-sdk/sdk/2.2.0/src/rp2_common/pico_stdio_usb/stdio_usb_descriptors.c.o
                0x10007430                tud_descriptor_device_cb
 .text.tud_descriptor_configuration_cb
                0x10007438        0x8 CMakeFiles/protobrain2.dir/home/flyingthings/.pico-sdk/sdk/2.2.0/src/rp2_common/pico_stdio_usb/stdio_usb_descriptors.c.o
                0x10007438                tud_descriptor_configuration_cb
 .text.tud_descriptor_string_cb
                0x10007440       0x78 CMakeFiles/protobrain2.dir/home/flyingthings/.pico-sdk/sdk/2.2.0/src/rp2_common/pico_stdio_usb/stdio_usb_descriptors.c.o
                0x10007440                tud_descriptor_string_cb
 .text.startup._retrieve_unique_id_on_boot
                0x100074b8       0x10 CMakeFiles/protobrain2.dir/home/flyingthings/.pico-sdk/sdk/2.2.0/src/rp2_common/pico_unique_id/unique_id.c.o
 .text.pico_get_unique_board_id_string
                0x100074c8      0x1a8 CMakeFiles/protobrain2.dir/home/flyingthings/.pico-sdk/sdk/2.2.0/src/rp2_common/pico_unique_id/unique_id.c.o
                0x100074c8                pico_get_unique_board_id_string
 .text.flash_get_unique_id
                0x10007670       0x40 CMakeFiles/protobrain2.dir/home/flyingthings/.pico-sdk/sdk/2.2.0/src/rp2_common/hardware_flash/flash.c.o
                0x10007670                flash_get_unique_id
 .text.dcd_init
                0x100076b0       0x90 CMakeFiles/protobrain2.dir/home/flyingthings/.pico-sdk/sdk/2.2.0/lib/tinyusb/src/portable/raspberrypi/rp2040/dcd_rp2040.c.o
                0x100076b0                dcd_init
 .text.dcd_int_enable
                0x10007740        0xc CMakeFiles/protobrain2.dir/home/flyingthings/.pico-sdk/sdk/2.2.0/lib/tinyusb/src/portable/raspberrypi/rp2040/dcd_rp2040.c.o
                0x10007740                dcd_int_enable
 .text.dcd_set_address
                0x1000774c       0x14 CMakeFiles/protobrain2.dir/home/flyingthings/.pico-sdk/sdk/2.2.0/lib/tinyusb/src/portable/raspberrypi/rp2040/dcd_rp2040.c.o
                0x1000774c                dcd_set_address
 .text.dcd_sof_enable
                0x10007760       0x1c CMakeFiles/protobrain2.dir/home/flyingthings/.pico-sdk/sdk/2.2.0/lib/tinyusb/src/portable/raspberrypi/rp2040/dcd_rp2040.c.o
                0x10007760                dcd_sof_enable
 .text.dcd_edpt0_status_complete
                0x1000777c       0x1c CMakeFiles/protobrain2.dir/home/flyingthings/.pico-sdk/sdk/2.2.0/lib/tinyusb/src/portable/raspberrypi/rp2040/dcd_rp2040.c.o
                0x1000777c                dcd_edpt0_status_complete
 .text.dcd_edpt_open
                0x10007798      0x114 CMakeFiles/protobrain2.dir/home/flyingthings/.pico-sdk/sdk/2.2.0/lib/tinyusb/src/portable/raspberrypi/rp2040/dcd_rp2040.c.o
                0x10007798                dcd_edpt_open
 .text.dcd_edpt_close_all
                0x100078ac        0x8 CMakeFiles/protobrain2.dir/home/flyingthings/.pico-sdk/sdk/2.2.0/lib/tinyusb/src/portable/raspberrypi/rp2040/dcd_rp2040.c.o
                0x100078ac                dcd_edpt_close_all
 .text.dcd_edpt_xfer
                0x100078b4       0x24 CMakeFiles/protobrain2.dir/home/flyingthings/.pico-sdk/sdk/2.2.0/lib/tinyusb/src/portable/raspberrypi/rp2040/dcd_rp2040.c.o
                0x100078b4                dcd_edpt_xfer
 .text.dcd_edpt_stall
                0x100078d8       0x38 CMakeFiles/protobrain2.dir/home/flyingthings/.pico-sdk/sdk/2.2.0/lib/tinyusb/src/portable/raspberrypi/rp2040/dcd_rp2040.c.o
                0x100078d8                dcd_edpt_stall
 .text.dcd_edpt_clear_stall
                0x10007910       0x30 CMakeFiles/protobrain2.dir/home/flyingthings/.pico-sdk/sdk/2.2.0/lib/tinyusb/src/portable/raspberrypi/rp2040/dcd_rp2040.c.o
                0x10007910                dcd_edpt_clear_stall
 .text.rp2040_usb_init
                0x10007940       0x40 CMakeFiles/protobrain2.dir/home/flyingthings/.pico-sdk/sdk/2.2.0/lib/tinyusb/src/portable/raspberrypi/rp2040/rp2040_usb.c.o
                0x10007940                rp2040_usb_init
 .text.hw_endpoint_xfer_start
                0x10007980       0x40 CMakeFiles/protobrain2.dir/home/flyingthings/.pico-sdk/sdk/2.2.0/lib/tinyusb/src/portable/raspberrypi/rp2040/rp2040_usb.c.o
                0x10007980                hw_endpoint_xfer_start
 .text.tud_event_hook_cb
                0x100079c0        0x4 CMakeFiles/protobrain2.dir/home/flyingthings/.pico-sdk/sdk/2.2.0/lib/tinyusb/src/device/usbd.c.o
                0x100079c0                tud_event_hook_cb
 .text.tud_sof_cb
                0x100079c4        0x4 CMakeFiles/protobrain2.dir/home/flyingthings/.pico-sdk/sdk/2.2.0/lib/tinyusb/src/device/usbd.c.o
                0x100079c4                tud_sof_cb
 .text.tud_descriptor_device_qualifier_cb
                0x100079c8        0x4 CMakeFiles/protobrain2.dir/home/flyingthings/.pico-sdk/sdk/2.2.0/lib/tinyusb/src/device/usbd.c.o
                0x100079c8                tud_descriptor_device_qualifier_cb
 .text.tud_descriptor_other_speed_configuration_cb
                0x100079cc        0x4 CMakeFiles/protobrain2.dir/home/flyingthings/.pico-sdk/sdk/2.2.0/lib/tinyusb/src/device/usbd.c.o
                0x100079cc                tud_descriptor_other_speed_configuration_cb
 .text.tud_mount_cb
                0x100079d0        0x4 CMakeFiles/protobrain2.dir/home/flyingthings/.pico-sdk/sdk/2.2.0/lib/tinyusb/src/device/usbd.c.o
                0x100079d0                tud_mount_cb
 .text.tud_umount_cb
                0x100079d4        0x4 CMakeFiles/protobrain2.dir/home/flyingthings/.pico-sdk/sdk/2.2.0/lib/tinyusb/src/device/usbd.c.o
                0x100079d4                tud_umount_cb
 .text.tud_suspend_cb
                0x100079d8        0x4 CMakeFiles/protobrain2.dir/home/flyingthings/.pico-sdk/sdk/2.2.0/lib/tinyusb/src/device/usbd.c.o
                0x100079d8                tud_suspend_cb
 .text.tud_resume_cb
                0x100079dc        0x4 CMakeFiles/protobrain2.dir/home/flyingthings/.pico-sdk/sdk/2.2.0/lib/tinyusb/src/device/usbd.c.o
                0x100079dc                tud_resume_cb
 .text.tud_mounted
                0x100079e0       0x10 CMakeFiles/protobrain2.dir/home/flyingthings/.pico-sdk/sdk/2.2.0/lib/tinyusb/src/device/usbd.c.o
                0x100079e0                tud_mounted
 .text.tud_suspended
                0x100079f0       0x10 CMakeFiles/protobrain2.dir/home/flyingthings/.pico-sdk/sdk/2.2.0/lib/tinyusb/src/device/usbd.c.o
                0x100079f0                tud_suspended
 .text.tud_rhport_init
                0x10007a00       0xfc CMakeFiles/protobrain2.dir/home/flyingthings/.pico-sdk/sdk/2.2.0/lib/tinyusb/src/device/usbd.c.o
                0x10007a00                tud_rhport_init
 .text.tud_task_ext
                0x10007afc      0x808 CMakeFiles/protobrain2.dir/home/flyingthings/.pico-sdk/sdk/2.2.0/lib/tinyusb/src/device/usbd.c.o
                0x10007afc                tud_task_ext
 .text.usbd_open_edpt_pair
                0x10008304       0x9c CMakeFiles/protobrain2.dir/home/flyingthings/.pico-sdk/sdk/2.2.0/lib/tinyusb/src/device/usbd.c.o
                0x10008304                usbd_open_edpt_pair
 .text.usbd_edpt_open
                0x100083a0       0x34 CMakeFiles/protobrain2.dir/home/flyingthings/.pico-sdk/sdk/2.2.0/lib/tinyusb/src/device/usbd.c.o
                0x100083a0                usbd_edpt_open
 .text.usbd_edpt_claim
                0x100083d4       0x28 CMakeFiles/protobrain2.dir/home/flyingthings/.pico-sdk/sdk/2.2.0/lib/tinyusb/src/device/usbd.c.o
                0x100083d4                usbd_edpt_claim
 .text.usbd_edpt_release
                0x100083fc       0x28 CMakeFiles/protobrain2.dir/home/flyingthings/.pico-sdk/sdk/2.2.0/lib/tinyusb/src/device/usbd.c.o
                0x100083fc                usbd_edpt_release
 .text.usbd_edpt_xfer
                0x10008424       0x4c CMakeFiles/protobrain2.dir/home/flyingthings/.pico-sdk/sdk/2.2.0/lib/tinyusb/src/device/usbd.c.o
                0x10008424                usbd_edpt_xfer
 .text.tud_control_status
                0x10008470       0x2c CMakeFiles/protobrain2.dir/home/flyingthings/.pico-sdk/sdk/2.2.0/lib/tinyusb/src/device/usbd_control.c.o
                0x10008470                tud_control_status
 .text.tud_control_xfer
                0x1000849c       0xac CMakeFiles/protobrain2.dir/home/flyingthings/.pico-sdk/sdk/2.2.0/lib/tinyusb/src/device/usbd_control.c.o
                0x1000849c                tud_control_xfer
 .text.usbd_control_reset
                0x10008548       0x14 CMakeFiles/protobrain2.dir/home/flyingthings/.pico-sdk/sdk/2.2.0/lib/tinyusb/src/device/usbd_control.c.o
                0x10008548                usbd_control_reset
 .text.usbd_control_set_complete_callback
                0x1000855c        0xc CMakeFiles/protobrain2.dir/home/flyingthings/.pico-sdk/sdk/2.2.0/lib/tinyusb/src/device/usbd_control.c.o
                0x1000855c                usbd_control_set_complete_callback
 .text.usbd_control_set_request
                0x10008568       0x1c CMakeFiles/protobrain2.dir/home/flyingthings/.pico-sdk/sdk/2.2.0/lib/tinyusb/src/device/usbd_control.c.o
                0x10008568                usbd_control_set_request
 .text.usbd_control_xfer_cb
                0x10008584       0xec CMakeFiles/protobrain2.dir/home/flyingthings/.pico-sdk/sdk/2.2.0/lib/tinyusb/src/device/usbd_control.c.o
                0x10008584                usbd_control_xfer_cb
 .text._prep_out_transaction.isra.0
                0x10008670       0x6c CMakeFiles/protobrain2.dir/home/flyingthings/.pico-sdk/sdk/2.2.0/lib/tinyusb/src/class/cdc/cdc_device.c.o
 .text.tud_cdc_n_connected
                0x100086dc       0x2c CMakeFiles/protobrain2.dir/home/flyingthings/.pico-sdk/sdk/2.2.0/lib/tinyusb/src/class/cdc/cdc_device.c.o
                0x100086dc                tud_cdc_n_connected
 .text.tud_cdc_n_available
                0x10008708       0x14 CMakeFiles/protobrain2.dir/home/flyingthings/.pico-sdk/sdk/2.2.0/lib/tinyusb/src/class/cdc/cdc_device.c.o
                0x10008708                tud_cdc_n_available
 .text.tud_cdc_n_read
                0x1000871c       0x94 CMakeFiles/protobrain2.dir/home/flyingthings/.pico-sdk/sdk/2.2.0/lib/tinyusb/src/class/cdc/cdc_device.c.o
                0x1000871c                tud_cdc_n_read
 .text.tud_cdc_n_write_flush
                0x100087b0       0x74 CMakeFiles/protobrain2.dir/home/flyingthings/.pico-sdk/sdk/2.2.0/lib/tinyusb/src/class/cdc/cdc_device.c.o
                0x100087b0                tud_cdc_n_write_flush
 .text.tud_cdc_n_write
                0x10008824       0x40 CMakeFiles/protobrain2.dir/home/flyingthings/.pico-sdk/sdk/2.2.0/lib/tinyusb/src/class/cdc/cdc_device.c.o
                0x10008824                tud_cdc_n_write
 .text.tud_cdc_n_write_available
                0x10008864       0x14 CMakeFiles/protobrain2.dir/home/flyingthings/.pico-sdk/sdk/2.2.0/lib/tinyusb/src/class/cdc/cdc_device.c.o
                0x10008864                tud_cdc_n_write_available
 .text.cdcd_init
                0x10008878       0x70 CMakeFiles/protobrain2.dir/home/flyingthings/.pico-sdk/sdk/2.2.0/lib/tinyusb/src/class/cdc/cdc_device.c.o
                0x10008878                cdcd_init
 .text.cdcd_deinit
                0x100088e8       0x30 CMakeFiles/protobrain2.dir/home/flyingthings/.pico-sdk/sdk/2.2.0/lib/tinyusb/src/class/cdc/cdc_device.c.o
                0x100088e8                cdcd_deinit
 .text.cdcd_reset
                0x10008918       0x4c CMakeFiles/protobrain2.dir/home/flyingthings/.pico-sdk/sdk/2.2.0/lib/tinyusb/src/class/cdc/cdc_device.c.o
                0x10008918                cdcd_reset
 .text.cdcd_open
                0x10008964       0xa8 CMakeFiles/protobrain2.dir/home/flyingthings/.pico-sdk/sdk/2.2.0/lib/tinyusb/src/class/cdc/cdc_device.c.o
                0x10008964                cdcd_open
 .text.cdcd_control_xfer_cb
                0x10008a0c       0xe8 CMakeFiles/protobrain2.dir/home/flyingthings/.pico-sdk/sdk/2.2.0/lib/tinyusb/src/class/cdc/cdc_device.c.o
                0x10008a0c                cdcd_control_xfer_cb
 .text.cdcd_xfer_cb
                0x10008af4      0x100 CMakeFiles/protobrain2.dir/home/flyingthings/.pico-sdk/sdk/2.2.0/lib/tinyusb/src/class/cdc/cdc_device.c.o
                0x10008af4                cdcd_xfer_cb
 .text.vendord_init
                0x10008bf4       0x5c CMakeFiles/protobrain2.dir/home/flyingthings/.pico-sdk/sdk/2.2.0/lib/tinyusb/src/class/vendor/vendor_device.c.o
                0x10008bf4                vendord_init
 .text.vendord_deinit
                0x10008c50       0x1c CMakeFiles/protobrain2.dir/home/flyingthings/.pico-sdk/sdk/2.2.0/lib/tinyusb/src/class/vendor/vendor_device.c.o
                0x10008c50                vendord_deinit
 .text.vendord_reset
                0x10008c6c       0x28 CMakeFiles/protobrain2.dir/home/flyingthings/.pico-sdk/sdk/2.2.0/lib/tinyusb/src/class/vendor/vendor_device.c.o
                0x10008c6c                vendord_reset
 .text.vendord_open
                0x10008c94      0x128 CMakeFiles/protobrain2.dir/home/flyingthings/.pico-sdk/sdk/2.2.0/lib/tinyusb/src/class/vendor/vendor_device.c.o
                0x10008c94                vendord_open
 .text.vendord_xfer_cb
                0x10008dbc       0x9c CMakeFiles/protobrain2.dir/home/flyingthings/.pico-sdk/sdk/2.2.0/lib/tinyusb/src/class/vendor/vendor_device.c.o
                0x10008dbc                vendord_xfer_cb
 .text.tusb_rhport_init
                0x10008e58       0x48 CMakeFiles/protobrain2.dir/home/flyingthings/.pico-sdk/sdk/2.2.0/lib/tinyusb/src/tusb.c.o
                0x10008e58                tusb_rhport_init
 .text.tu_edpt_claim
                0x10008ea0       0x50 CMakeFiles/protobrain2.dir/home/flyingthings/.pico-sdk/sdk/2.2.0/lib/tinyusb/src/tusb.c.o
                0x10008ea0                tu_edpt_claim
 .text.tu_edpt_release
                0x10008ef0       0x38 CMakeFiles/protobrain2.dir/home/flyingthings/.pico-sdk/sdk/2.2.0/lib/tinyusb/src/tusb.c.o
                0x10008ef0                tu_edpt_release
 .text.tu_edpt_validate
                0x10008f28       0x7c CMakeFiles/protobrain2.dir/home/flyingthings/.pico-sdk/sdk/2.2.0/lib/tinyusb/src/tusb.c.o
                0x10008f28                tu_edpt_validate
 .text.tu_edpt_bind_driver
                0x10008fa4       0x34 CMakeFiles/protobrain2.dir/home/flyingthings/.pico-sdk/sdk/2.2.0/lib/tinyusb/src/tusb.c.o
                0x10008fa4                tu_edpt_bind_driver
 .text.tu_edpt_stream_init
                0x10008fd8       0x6c CMakeFiles/protobrain2.dir/home/flyingthings/.pico-sdk/sdk/2.2.0/lib/tinyusb/src/tusb.c.o
                0x10008fd8                tu_edpt_stream_init
 .text.tu_edpt_stream_deinit
                0x10009044        0x4 CMakeFiles/protobrain2.dir/home/flyingthings/.pico-sdk/sdk/2.2.0/lib/tinyusb/src/tusb.c.o
                0x10009044                tu_edpt_stream_deinit
 .text.tu_edpt_stream_write_zlp_if_needed
                0x10009048       0x68 CMakeFiles/protobrain2.dir/home/flyingthings/.pico-sdk/sdk/2.2.0/lib/tinyusb/src/tusb.c.o
                0x10009048                tu_edpt_stream_write_zlp_if_needed
 .text.tu_edpt_stream_write_xfer
                0x100090b0       0x64 CMakeFiles/protobrain2.dir/home/flyingthings/.pico-sdk/sdk/2.2.0/lib/tinyusb/src/tusb.c.o
                0x100090b0                tu_edpt_stream_write_xfer
 .text.tu_edpt_stream_read_xfer
                0x10009114       0xdc CMakeFiles/protobrain2.dir/home/flyingthings/.pico-sdk/sdk/2.2.0/lib/tinyusb/src/tusb.c.o
                0x10009114                tu_edpt_stream_read_xfer
 .text.tu_fifo_config
                0x100091f0       0x6c CMakeFiles/protobrain2.dir/home/flyingthings/.pico-sdk/sdk/2.2.0/lib/tinyusb/src/common/tusb_fifo.c.o
                0x100091f0                tu_fifo_config
 .text.tu_fifo_count
                0x1000925c       0x2c CMakeFiles/protobrain2.dir/home/flyingthings/.pico-sdk/sdk/2.2.0/lib/tinyusb/src/common/tusb_fifo.c.o
                0x1000925c                tu_fifo_count
 .text.tu_fifo_empty
                0x10009288       0x10 CMakeFiles/protobrain2.dir/home/flyingthings/.pico-sdk/sdk/2.2.0/lib/tinyusb/src/common/tusb_fifo.c.o
                0x10009288                tu_fifo_empty
 .text.tu_fifo_remaining
                0x10009298       0x2c CMakeFiles/protobrain2.dir/home/flyingthings/.pico-sdk/sdk/2.2.0/lib/tinyusb/src/common/tusb_fifo.c.o
                0x10009298                tu_fifo_remaining
 .text.tu_fifo_read
                0x100092c4       0x9c CMakeFiles/protobrain2.dir/home/flyingthings/.pico-sdk/sdk/2.2.0/lib/tinyusb/src/common/tusb_fifo.c.o
                0x100092c4                tu_fifo_read
 .text.tu_fifo_read_n
                0x10009360       0xe8 CMakeFiles/protobrain2.dir/home/flyingthings/.pico-sdk/sdk/2.2.0/lib/tinyusb/src/common/tusb_fifo.c.o
                0x10009360                tu_fifo_read_n
 .text.tu_fifo_write
                0x10009448       0x88 CMakeFiles/protobrain2.dir/home/flyingthings/.pico-sdk/sdk/2.2.0/lib/tinyusb/src/common/tusb_fifo.c.o
                0x10009448                tu_fifo_write
 .text.tu_fifo_write_n
                0x100094d0      0x170 CMakeFiles/protobrain2.dir/home/flyingthings/.pico-sdk/sdk/2.2.0/lib/tinyusb/src/common/tusb_fifo.c.o
                0x100094d0                tu_fifo_write_n
 .text.tu_fifo_clear
                0x10009640       0x40 CMakeFiles/protobrain2.dir/home/flyingthings/.pico-sdk/sdk/2.2.0/lib/tinyusb/src/common/tusb_fifo.c.o
                0x10009640                tu_fifo_clear
 .text.tu_fifo_set_overwritable
                0x10009680       0x48 CMakeFiles/protobrain2.dir/home/flyingthings/.pico-sdk/sdk/2.2.0/lib/tinyusb/src/common/tusb_fifo.c.o
                0x10009680                tu_fifo_set_overwritable
 .text.dma_channel_claim
                0x100096c8       0x18 CMakeFiles/protobrain2.dir/home/flyingthings/.pico-sdk/sdk/2.2.0/src/rp2_common/hardware_dma/dma.c.o
                0x100096c8                dma_channel_claim
 .text.dma_claim_unused_channel
                0x100096e0       0x24 CMakeFiles/protobrain2.dir/home/flyingthings/.pico-sdk/sdk/2.2.0/src/rp2_common/hardware_dma/dma.c.o
                0x100096e0                dma_claim_unused_channel
 .text.pio_claim_unused_sm
                0x10009704       0x38 CMakeFiles/protobrain2.dir/home/flyingthings/.pico-sdk/sdk/2.2.0/src/rp2_common/hardware_pio/pio.c.o
                0x10009704                pio_claim_unused_sm
 .text.pio_add_program
                0x1000973c      0x104 CMakeFiles/protobrain2.dir/home/flyingthings/.pico-sdk/sdk/2.2.0/src/rp2_common/hardware_pio/pio.c.o
                0x1000973c                pio_add_program
 .text.pio_clear_instruction_memory
                0x10009840       0x34 CMakeFiles/protobrain2.dir/home/flyingthings/.pico-sdk/sdk/2.2.0/src/rp2_common/hardware_pio/pio.c.o
                0x10009840                pio_clear_instruction_memory
 .text.pio_sm_set_consecutive_pindirs
                0x10009874       0xb4 CMakeFiles/protobrain2.dir/home/flyingthings/.pico-sdk/sdk/2.2.0/src/rp2_common/hardware_pio/pio.c.o
                0x10009874                pio_sm_set_consecutive_pindirs
 .text.pio_sm_init
                0x10009928       0x9c CMakeFiles/protobrain2.dir/home/flyingthings/.pico-sdk/sdk/2.2.0/src/rp2_common/hardware_pio/pio.c.o
                0x10009928                pio_sm_init
 .text.adc_init
                0x100099c4       0x38 CMakeFiles/protobrain2.dir/home/flyingthings/.pico-sdk/sdk/2.2.0/src/rp2_common/hardware_adc/adc.c.o
                0x100099c4                adc_init
 .text.spi_init
                0x100099fc      0x140 CMakeFiles/protobrain2.dir/home/flyingthings/.pico-sdk/sdk/2.2.0/src/rp2_common/hardware_spi/spi.c.o
                0x100099fc                spi_init
 .text.spi_set_baudrate
                0x10009b3c       0xdc CMakeFiles/protobrain2.dir/home/flyingthings/.pico-sdk/sdk/2.2.0/src/rp2_common/hardware_spi/spi.c.o
                0x10009b3c                spi_set_baudrate
 .text.spi_get_baudrate
                0x10009c18       0x1c CMakeFiles/protobrain2.dir/home/flyingthings/.pico-sdk/sdk/2.2.0/src/rp2_common/hardware_spi/spi.c.o
                0x10009c18                spi_get_baudrate
 .text.inc_share
                0x10009c34      0x384 CMakeFiles/protobrain2.dir/lib/no-OS-FatFS-SD-SDIO-SPI-RPi-Pico/src/ff15/source/ff.c.o
 .text.dir_clear
                0x10009fb8      0x1b0 CMakeFiles/protobrain2.dir/lib/no-OS-FatFS-SD-SDIO-SPI-RPi-Pico/src/ff15/source/ff.c.o
 .text.init_alloc_info.isra.0
                0x1000a168       0x6c CMakeFiles/protobrain2.dir/lib/no-OS-FatFS-SD-SDIO-SPI-RPi-Pico/src/ff15/source/ff.c.o
 .text.move_window
                0x1000a1d4       0xbc CMakeFiles/protobrain2.dir/lib/no-OS-FatFS-SD-SDIO-SPI-RPi-Pico/src/ff15/source/ff.c.o
 .text.find_bitmap
                0x1000a290       0xc4 CMakeFiles/protobrain2.dir/lib/no-OS-FatFS-SD-SDIO-SPI-RPi-Pico/src/ff15/source/ff.c.o
 .text.put_fat.part.0
                0x1000a354      0x160 CMakeFiles/protobrain2.dir/lib/no-OS-FatFS-SD-SDIO-SPI-RPi-Pico/src/ff15/source/ff.c.o
 .text.get_fat  0x1000a4b4      0x1b0 CMakeFiles/protobrain2.dir/lib/no-OS-FatFS-SD-SDIO-SPI-RPi-Pico/src/ff15/source/ff.c.o
 .text.dir_next.constprop.0
                0x1000a664       0xc4 CMakeFiles/protobrain2.dir/lib/no-OS-FatFS-SD-SDIO-SPI-RPi-Pico/src/ff15/source/ff.c.o
 .text.check_fs
                0x1000a728      0x188 CMakeFiles/protobrain2.dir/lib/no-OS-FatFS-SD-SDIO-SPI-RPi-Pico/src/ff15/source/ff.c.o
 .text.mount_volume
                0x1000a8b0      0xab0 CMakeFiles/protobrain2.dir/lib/no-OS-FatFS-SD-SDIO-SPI-RPi-Pico/src/ff15/source/ff.c.o
 .text.load_xdir
                0x1000b360      0x1c0 CMakeFiles/protobrain2.dir/lib/no-OS-FatFS-SD-SDIO-SPI-RPi-Pico/src/ff15/source/ff.c.o
 .text.dir_read.constprop.0
                0x1000b520      0x530 CMakeFiles/protobrain2.dir/lib/no-OS-FatFS-SD-SDIO-SPI-RPi-Pico/src/ff15/source/ff.c.o
 .text.dir_sdi  0x1000ba50      0x2f4 CMakeFiles/protobrain2.dir/lib/no-OS-FatFS-SD-SDIO-SPI-RPi-Pico/src/ff15/source/ff.c.o
 .text.store_xdir
                0x1000bd44      0x240 CMakeFiles/protobrain2.dir/lib/no-OS-FatFS-SD-SDIO-SPI-RPi-Pico/src/ff15/source/ff.c.o
 .text.dir_find
                0x1000bf84      0x480 CMakeFiles/protobrain2.dir/lib/no-OS-FatFS-SD-SDIO-SPI-RPi-Pico/src/ff15/source/ff.c.o
 .text.follow_path
                0x1000c404      0x5ac CMakeFiles/protobrain2.dir/lib/no-OS-FatFS-SD-SDIO-SPI-RPi-Pico/src/ff15/source/ff.c.o
 .text.create_chain
                0x1000c9b0      0x4a0 CMakeFiles/protobrain2.dir/lib/no-OS-FatFS-SD-SDIO-SPI-RPi-Pico/src/ff15/source/ff.c.o
 .text.dir_alloc
                0x1000ce50      0x21c CMakeFiles/protobrain2.dir/lib/no-OS-FatFS-SD-SDIO-SPI-RPi-Pico/src/ff15/source/ff.c.o
 .text.dir_register
                0x1000d06c      0xa68 CMakeFiles/protobrain2.dir/lib/no-OS-FatFS-SD-SDIO-SPI-RPi-Pico/src/ff15/source/ff.c.o
 .text.remove_chain
                0x1000dad4      0x3dc CMakeFiles/protobrain2.dir/lib/no-OS-FatFS-SD-SDIO-SPI-RPi-Pico/src/ff15/source/ff.c.o
 .text.f_mount  0x1000deb0      0x1c8 CMakeFiles/protobrain2.dir/lib/no-OS-FatFS-SD-SDIO-SPI-RPi-Pico/src/ff15/source/ff.c.o
                0x1000deb0                f_mount
 .text.f_open   0x1000e078      0x85c CMakeFiles/protobrain2.dir/lib/no-OS-FatFS-SD-SDIO-SPI-RPi-Pico/src/ff15/source/ff.c.o
                0x1000e078                f_open
 .text.f_read   0x1000e8d4      0x270 CMakeFiles/protobrain2.dir/lib/no-OS-FatFS-SD-SDIO-SPI-RPi-Pico/src/ff15/source/ff.c.o
                0x1000e8d4                f_read
 .text.f_lseek  0x1000eb44      0x55c CMakeFiles/protobrain2.dir/lib/no-OS-FatFS-SD-SDIO-SPI-RPi-Pico/src/ff15/source/ff.c.o
                0x1000eb44                f_lseek
 .text.ff_memalloc
                0x1000f0a0        0x8 CMakeFiles/protobrain2.dir/lib/no-OS-FatFS-SD-SDIO-SPI-RPi-Pico/src/ff15/source/ffsystem.c.o
                0x1000f0a0                ff_memalloc
 .text.ff_memfree
                0x1000f0a8        0x8 CMakeFiles/protobrain2.dir/lib/no-OS-FatFS-SD-SDIO-SPI-RPi-Pico/src/ff15/source/ffsystem.c.o
                0x1000f0a8                ff_memfree
 .text.ff_uni2oem
                0x1000f0b0       0x40 CMakeFiles/protobrain2.dir/lib/no-OS-FatFS-SD-SDIO-SPI-RPi-Pico/src/ff15/source/ffunicode.c.o
                0x1000f0b0                ff_uni2oem
 .text.ff_wtoupper
                0x1000f0f0       0xb8 CMakeFiles/protobrain2.dir/lib/no-OS-FatFS-SD-SDIO-SPI-RPi-Pico/src/ff15/source/ffunicode.c.o
                0x1000f0f0                ff_wtoupper
 .text.dma_irq_add_handler
                0x1000f1a8       0x8c CMakeFiles/protobrain2.dir/lib/no-OS-FatFS-SD-SDIO-SPI-RPi-Pico/src/sd_driver/dma_interrupts.c.o
                0x1000f1a8                dma_irq_add_handler
 .text.sd_lock  0x1000f234        0xc CMakeFiles/protobrain2.dir/lib/no-OS-FatFS-SD-SDIO-SPI-RPi-Pico/src/sd_driver/sd_card.c.o
                0x1000f234                sd_lock
 .text.sd_unlock
                0x1000f240        0xc CMakeFiles/protobrain2.dir/lib/no-OS-FatFS-SD-SDIO-SPI-RPi-Pico/src/sd_driver/sd_card.c.o
                0x1000f240                sd_unlock
 .text.sd_card_detect
                0x1000f24c       0x50 CMakeFiles/protobrain2.dir/lib/no-OS-FatFS-SD-SDIO-SPI-RPi-Pico/src/sd_driver/sd_card.c.o
                0x1000f24c                sd_card_detect
 .text.sd_get_drive_prefix
                0x1000f29c       0x18 CMakeFiles/protobrain2.dir/lib/no-OS-FatFS-SD-SDIO-SPI-RPi-Pico/src/sd_driver/sd_card.c.o
                0x1000f29c                sd_get_drive_prefix
 .text.sd_init_driver
                0x1000f2b4      0x104 CMakeFiles/protobrain2.dir/lib/no-OS-FatFS-SD-SDIO-SPI-RPi-Pico/src/sd_driver/sd_card.c.o
                0x1000f2b4                sd_init_driver
 .text.sdio_start_next_block_tx
                0x1000f3b8      0x184 CMakeFiles/protobrain2.dir/lib/no-OS-FatFS-SD-SDIO-SPI-RPi-Pico/src/sd_driver/SDIO/rp2040_sdio.c.o
 .text.rp2040_sdio_stop.isra.0
                0x1000f53c       0x9c CMakeFiles/protobrain2.dir/lib/no-OS-FatFS-SD-SDIO-SPI-RPi-Pico/src/sd_driver/SDIO/rp2040_sdio.c.o
 .text.sdio_send_command.isra.0
                0x1000f5d8       0x8c CMakeFiles/protobrain2.dir/lib/no-OS-FatFS-SD-SDIO-SPI-RPi-Pico/src/sd_driver/SDIO/rp2040_sdio.c.o
 .text.sdio_crc16_4bit_checksum
                0x1000f664       0x88 CMakeFiles/protobrain2.dir/lib/no-OS-FatFS-SD-SDIO-SPI-RPi-Pico/src/sd_driver/SDIO/rp2040_sdio.c.o
                0x1000f664                sdio_crc16_4bit_checksum
 .text.rp2040_sdio_command_R1
                0x1000f6ec      0x164 CMakeFiles/protobrain2.dir/lib/no-OS-FatFS-SD-SDIO-SPI-RPi-Pico/src/sd_driver/SDIO/rp2040_sdio.c.o
                0x1000f6ec                rp2040_sdio_command_R1
 .text.rp2040_sdio_command_R2
                0x1000f850      0x258 CMakeFiles/protobrain2.dir/lib/no-OS-FatFS-SD-SDIO-SPI-RPi-Pico/src/sd_driver/SDIO/rp2040_sdio.c.o
                0x1000f850                rp2040_sdio_command_R2
 .text.rp2040_sdio_command_R3
                0x1000faa8       0xa8 CMakeFiles/protobrain2.dir/lib/no-OS-FatFS-SD-SDIO-SPI-RPi-Pico/src/sd_driver/SDIO/rp2040_sdio.c.o
                0x1000faa8                rp2040_sdio_command_R3
 .text.rp2040_sdio_rx_start
                0x1000fb50      0x1ec CMakeFiles/protobrain2.dir/lib/no-OS-FatFS-SD-SDIO-SPI-RPi-Pico/src/sd_driver/SDIO/rp2040_sdio.c.o
                0x1000fb50                rp2040_sdio_rx_start
 .text.rp2040_sdio_rx_poll
                0x1000fd3c      0x210 CMakeFiles/protobrain2.dir/lib/no-OS-FatFS-SD-SDIO-SPI-RPi-Pico/src/sd_driver/SDIO/rp2040_sdio.c.o
                0x1000fd3c                rp2040_sdio_rx_poll
 .text.rp2040_sdio_tx_start
                0x1000ff4c       0xa0 CMakeFiles/protobrain2.dir/lib/no-OS-FatFS-SD-SDIO-SPI-RPi-Pico/src/sd_driver/SDIO/rp2040_sdio.c.o
                0x1000ff4c                rp2040_sdio_tx_start
 .text.rp2040_sdio_tx_poll
                0x1000ffec       0x88 CMakeFiles/protobrain2.dir/lib/no-OS-FatFS-SD-SDIO-SPI-RPi-Pico/src/sd_driver/SDIO/rp2040_sdio.c.o
                0x1000ffec                rp2040_sdio_tx_poll
 .text.rp2040_sdio_init
                0x10010074      0x478 CMakeFiles/protobrain2.dir/lib/no-OS-FatFS-SD-SDIO-SPI-RPi-Pico/src/sd_driver/SDIO/rp2040_sdio.c.o
                0x10010074                rp2040_sdio_init
 .text.sd_sdio_deinit
                0x100104ec       0xd4 CMakeFiles/protobrain2.dir/lib/no-OS-FatFS-SD-SDIO-SPI-RPi-Pico/src/sd_driver/SDIO/sd_card_sdio.c.o
 .text.sd_sdio_test_com
                0x100105c0       0x8c CMakeFiles/protobrain2.dir/lib/no-OS-FatFS-SD-SDIO-SPI-RPi-Pico/src/sd_driver/SDIO/sd_card_sdio.c.o
 .text.sd_sdio_sectorCount
                0x1001064c       0xd4 CMakeFiles/protobrain2.dir/lib/no-OS-FatFS-SD-SDIO-SPI-RPi-Pico/src/sd_driver/SDIO/sd_card_sdio.c.o
                0x1001064c                sd_sdio_sectorCount
 .text.sd_sdio_begin
                0x10010720      0x4e0 CMakeFiles/protobrain2.dir/lib/no-OS-FatFS-SD-SDIO-SPI-RPi-Pico/src/sd_driver/SDIO/sd_card_sdio.c.o
                0x10010720                sd_sdio_begin
 .text.sd_sdio_init
                0x10010c00       0xf4 CMakeFiles/protobrain2.dir/lib/no-OS-FatFS-SD-SDIO-SPI-RPi-Pico/src/sd_driver/SDIO/sd_card_sdio.c.o
 .text.sd_sdio_stopTransmission
                0x10010cf4       0xd0 CMakeFiles/protobrain2.dir/lib/no-OS-FatFS-SD-SDIO-SPI-RPi-Pico/src/sd_driver/SDIO/sd_card_sdio.c.o
                0x10010cf4                sd_sdio_stopTransmission
 .text.sd_sync  0x10010dc4       0x34 CMakeFiles/protobrain2.dir/lib/no-OS-FatFS-SD-SDIO-SPI-RPi-Pico/src/sd_driver/SDIO/sd_card_sdio.c.o
 .text.sd_sdio_writeSector
                0x10010df8      0x138 CMakeFiles/protobrain2.dir/lib/no-OS-FatFS-SD-SDIO-SPI-RPi-Pico/src/sd_driver/SDIO/sd_card_sdio.c.o
                0x10010df8                sd_sdio_writeSector
 .text.sd_sdio_writeSectors
                0x10010f30      0x1b8 CMakeFiles/protobrain2.dir/lib/no-OS-FatFS-SD-SDIO-SPI-RPi-Pico/src/sd_driver/SDIO/sd_card_sdio.c.o
                0x10010f30                sd_sdio_writeSectors
 .text.sd_sdio_write_blocks
                0x100110e8       0x40 CMakeFiles/protobrain2.dir/lib/no-OS-FatFS-SD-SDIO-SPI-RPi-Pico/src/sd_driver/SDIO/sd_card_sdio.c.o
 .text.sd_sdio_readSector
                0x10011128      0x13c CMakeFiles/protobrain2.dir/lib/no-OS-FatFS-SD-SDIO-SPI-RPi-Pico/src/sd_driver/SDIO/sd_card_sdio.c.o
                0x10011128                sd_sdio_readSector
 .text.sd_sdio_readSectors
                0x10011264      0x170 CMakeFiles/protobrain2.dir/lib/no-OS-FatFS-SD-SDIO-SPI-RPi-Pico/src/sd_driver/SDIO/sd_card_sdio.c.o
                0x10011264                sd_sdio_readSectors
 .text.sd_sdio_read_blocks
                0x100113d4       0x40 CMakeFiles/protobrain2.dir/lib/no-OS-FatFS-SD-SDIO-SPI-RPi-Pico/src/sd_driver/SDIO/sd_card_sdio.c.o
 .text.sd_sdio_ctor
                0x10011414       0x6c CMakeFiles/protobrain2.dir/lib/no-OS-FatFS-SD-SDIO-SPI-RPi-Pico/src/sd_driver/SDIO/sd_card_sdio.c.o
                0x10011414                sd_sdio_ctor
 .text.spi_transfer_start
                0x10011480       0x90 CMakeFiles/protobrain2.dir/lib/no-OS-FatFS-SD-SDIO-SPI-RPi-Pico/src/sd_driver/SPI/my_spi.c.o
                0x10011480                spi_transfer_start
 .text.calculate_transfer_time_ms
                0x10011510       0x4c CMakeFiles/protobrain2.dir/lib/no-OS-FatFS-SD-SDIO-SPI-RPi-Pico/src/sd_driver/SPI/my_spi.c.o
                0x10011510                calculate_transfer_time_ms
 .text.my_spi_init
                0x1001155c      0x1e4 CMakeFiles/protobrain2.dir/lib/no-OS-FatFS-SD-SDIO-SPI-RPi-Pico/src/sd_driver/SPI/my_spi.c.o
                0x1001155c                my_spi_init
 .text.sd_deinit
                0x10011740       0x2c CMakeFiles/protobrain2.dir/lib/no-OS-FatFS-SD-SDIO-SPI-RPi-Pico/src/sd_driver/SPI/sd_card_spi.c.o
 .text.crc7.constprop.0
                0x1001176c       0x2c CMakeFiles/protobrain2.dir/lib/no-OS-FatFS-SD-SDIO-SPI-RPi-Pico/src/sd_driver/SPI/sd_card_spi.c.o
 .text.sd_wait_ready
                0x10011798       0xa8 CMakeFiles/protobrain2.dir/lib/no-OS-FatFS-SD-SDIO-SPI-RPi-Pico/src/sd_driver/SPI/sd_card_spi.c.o
 .text.read_bytes
                0x10011840      0x18c CMakeFiles/protobrain2.dir/lib/no-OS-FatFS-SD-SDIO-SPI-RPi-Pico/src/sd_driver/SPI/sd_card_spi.c.o
 .text.sd_cmd_spi
                0x100119cc      0x184 CMakeFiles/protobrain2.dir/lib/no-OS-FatFS-SD-SDIO-SPI-RPi-Pico/src/sd_driver/SPI/sd_card_spi.c.o
 .text.sd_spi_test_com
                0x10011b50      0x1a4 CMakeFiles/protobrain2.dir/lib/no-OS-FatFS-SD-SDIO-SPI-RPi-Pico/src/sd_driver/SPI/sd_card_spi.c.o
 .text.in_sd_go_idle_state
                0x10011cf4      0x16c CMakeFiles/protobrain2.dir/lib/no-OS-FatFS-SD-SDIO-SPI-RPi-Pico/src/sd_driver/SPI/sd_card_spi.c.o
 .text.send_block.constprop.0
                0x10011e60      0x20c CMakeFiles/protobrain2.dir/lib/no-OS-FatFS-SD-SDIO-SPI-RPi-Pico/src/sd_driver/SPI/sd_card_spi.c.o
 .text.in_sd_spi_sectors
                0x1001206c      0x118 CMakeFiles/protobrain2.dir/lib/no-OS-FatFS-SD-SDIO-SPI-RPi-Pico/src/sd_driver/SPI/sd_card_spi.c.o
 .text.sd_spi_sectors
                0x10012184      0x110 CMakeFiles/protobrain2.dir/lib/no-OS-FatFS-SD-SDIO-SPI-RPi-Pico/src/sd_driver/SPI/sd_card_spi.c.o
                0x10012184                sd_spi_sectors
 .text.sd_cmd.constprop.0
                0x10012294      0x3e0 CMakeFiles/protobrain2.dir/lib/no-OS-FatFS-SD-SDIO-SPI-RPi-Pico/src/sd_driver/SPI/sd_card_spi.c.o
 .text.stop_wr_tran
                0x10012674       0x88 CMakeFiles/protobrain2.dir/lib/no-OS-FatFS-SD-SDIO-SPI-RPi-Pico/src/sd_driver/SPI/sd_card_spi.c.o
 .text.sd_sync  0x100126fc      0x128 CMakeFiles/protobrain2.dir/lib/no-OS-FatFS-SD-SDIO-SPI-RPi-Pico/src/sd_driver/SPI/sd_card_spi.c.o
 .text.send_all_blocks
                0x10012824       0xc8 CMakeFiles/protobrain2.dir/lib/no-OS-FatFS-SD-SDIO-SPI-RPi-Pico/src/sd_driver/SPI/sd_card_spi.c.o
 .text.sd_read_blocks
                0x100128ec      0x4d4 CMakeFiles/protobrain2.dir/lib/no-OS-FatFS-SD-SDIO-SPI-RPi-Pico/src/sd_driver/SPI/sd_card_spi.c.o
 .text.sd_write_blocks
                0x10012dc0      0x2e4 CMakeFiles/protobrain2.dir/lib/no-OS-FatFS-SD-SDIO-SPI-RPi-Pico/src/sd_driver/SPI/sd_card_spi.c.o
 .text.sd_card_spi_init
                0x100130a4      0x658 CMakeFiles/protobrain2.dir/lib/no-OS-FatFS-SD-SDIO-SPI-RPi-Pico/src/sd_driver/SPI/sd_card_spi.c.o
                0x100130a4                sd_card_spi_init
 .text.sd_go_idle_state
                0x100136fc       0xa0 CMakeFiles/protobrain2.dir/lib/no-OS-FatFS-SD-SDIO-SPI-RPi-Pico/src/sd_driver/SPI/sd_card_spi.c.o
                0x100136fc                sd_go_idle_state
 .text.sd_spi_ctor
                0x1001379c       0x7c CMakeFiles/protobrain2.dir/lib/no-OS-FatFS-SD-SDIO-SPI-RPi-Pico/src/sd_driver/SPI/sd_card_spi.c.o
                0x1001379c                sd_spi_ctor
 .text.sd_spi_go_high_frequency
                0x10013818       0x10 CMakeFiles/protobrain2.dir/lib/no-OS-FatFS-SD-SDIO-SPI-RPi-Pico/src/sd_driver/SPI/sd_spi.c.o
                0x10013818                sd_spi_go_high_frequency
 .text.sd_spi_go_low_frequency
                0x10013828       0x14 CMakeFiles/protobrain2.dir/lib/no-OS-FatFS-SD-SDIO-SPI-RPi-Pico/src/sd_driver/SPI/sd_spi.c.o
                0x10013828                sd_spi_go_low_frequency
 .text.sd_spi_send_initializing_sequence
                0x1001383c       0x70 CMakeFiles/protobrain2.dir/lib/no-OS-FatFS-SD-SDIO-SPI-RPi-Pico/src/sd_driver/SPI/sd_spi.c.o
                0x1001383c                sd_spi_send_initializing_sequence
 .text.__NVIC_SystemReset
                0x100138ac       0x1c CMakeFiles/protobrain2.dir/lib/no-OS-FatFS-SD-SDIO-SPI-RPi-Pico/src/src/crash.c.o
 .text.crc7.constprop.0
                0x100138c8       0x20 CMakeFiles/protobrain2.dir/lib/no-OS-FatFS-SD-SDIO-SPI-RPi-Pico/src/src/crash.c.o
 .text.Hardfault_HandlerC
                0x100138e8       0x60 CMakeFiles/protobrain2.dir/lib/no-OS-FatFS-SD-SDIO-SPI-RPi-Pico/src/src/crash.c.o
                0x100138e8                Hardfault_HandlerC
 .text.HardFault_Handler
                0x10013948       0x18 CMakeFiles/protobrain2.dir/lib/no-OS-FatFS-SD-SDIO-SPI-RPi-Pico/src/src/crash.c.o
                0x10013948                HardFault_Handler
 .text.crc16ibm_3740_word.constprop.0
                0x10013960      0x20c CMakeFiles/protobrain2.dir/lib/no-OS-FatFS-SD-SDIO-SPI-RPi-Pico/src/src/crc.c.o
 .text.crc16    0x10013b6c        0x8 CMakeFiles/protobrain2.dir/lib/no-OS-FatFS-SD-SDIO-SPI-RPi-Pico/src/src/crc.c.o
                0x10013b6c                crc16
 .text.FRESULT_str
                0x10013b74       0x18 CMakeFiles/protobrain2.dir/lib/no-OS-FatFS-SD-SDIO-SPI-RPi-Pico/src/src/f_util.c.o
                0x10013b74                FRESULT_str
 .text.disk_status
                0x10013b8c       0x18 CMakeFiles/protobrain2.dir/lib/no-OS-FatFS-SD-SDIO-SPI-RPi-Pico/src/src/glue.c.o
                0x10013b8c                disk_status
 .text.disk_initialize
                0x10013ba4       0x40 CMakeFiles/protobrain2.dir/lib/no-OS-FatFS-SD-SDIO-SPI-RPi-Pico/src/src/glue.c.o
                0x10013ba4                disk_initialize
 .text.disk_read
                0x10013be4       0x54 CMakeFiles/protobrain2.dir/lib/no-OS-FatFS-SD-SDIO-SPI-RPi-Pico/src/src/glue.c.o
                0x10013be4                disk_read
 .text.disk_write
                0x10013c38       0x54 CMakeFiles/protobrain2.dir/lib/no-OS-FatFS-SD-SDIO-SPI-RPi-Pico/src/src/glue.c.o
                0x10013c38                disk_write
 .text.put_out_error_message
                0x10013c8c        0x4 CMakeFiles/protobrain2.dir/lib/no-OS-FatFS-SD-SDIO-SPI-RPi-Pico/src/src/my_debug.c.o
                0x10013c8c                put_out_error_message
 .text.error_message_printf
                0x10013c90       0x3c CMakeFiles/protobrain2.dir/lib/no-OS-FatFS-SD-SDIO-SPI-RPi-Pico/src/src/my_debug.c.o
                0x10013c90                error_message_printf
 .text.get_fattime
                0x10013ccc       0x64 CMakeFiles/protobrain2.dir/lib/no-OS-FatFS-SD-SDIO-SPI-RPi-Pico/src/src/my_rtc.c.o
                0x10013ccc                get_fattime
 .text.aon_timer_get_time
                0x10013d30       0x44 CMakeFiles/protobrain2.dir/home/flyingthings/.pico-sdk/sdk/2.2.0/src/rp2_common/pico_aon_timer/aon_timer.c.o
                0x10013d30                aon_timer_get_time
 .text.aon_timer_is_running
                0x10013d74        0x8 CMakeFiles/protobrain2.dir/home/flyingthings/.pico-sdk/sdk/2.2.0/src/rp2_common/pico_aon_timer/aon_timer.c.o
                0x10013d74                aon_timer_is_running
 .text.rtc_running
                0x10013d7c       0x10 CMakeFiles/protobrain2.dir/home/flyingthings/.pico-sdk/sdk/2.2.0/src/rp2_common/hardware_rtc/rtc.c.o
                0x10013d7c                rtc_running
 .text.rtc_get_datetime
                0x10013d8c       0x44 CMakeFiles/protobrain2.dir/home/flyingthings/.pico-sdk/sdk/2.2.0/src/rp2_common/hardware_rtc/rtc.c.o
                0x10013d8c                rtc_get_datetime
 .text.startup.SystemInit
                0x10013dd0       0x14 CMakeFiles/protobrain2.dir/home/flyingthings/.pico-sdk/sdk/2.2.0/src/rp2_common/cmsis/stub/CMSIS/Device/RP2040/Source/system_RP2040.c.o
                0x10013dd0                SystemInit
 .text          0x10013de4        0xc /usr/lib/gcc/arm-none-eabi/12.2.1/../../../arm-none-eabi/lib/thumb/v6-m/nofp/libg.a(lib_a-errno.o)
                0x10013de4                __errno
 .text          0x10013df0      0x268 /usr/lib/gcc/arm-none-eabi/12.2.1/../../../arm-none-eabi/lib/thumb/v6-m/nofp/libg.a(lib_a-freer.o)
                0x10013df0                _malloc_trim_r
                0x10013e98                _free_r
 .text          0x10014058      0x228 /usr/lib/gcc/arm-none-eabi/12.2.1/../../../arm-none-eabi/lib/thumb/v6-m/nofp/libg.a(lib_a-lcltime_r.o)
                0x10014058                localtime_r
 .text          0x10014280       0x28 /usr/lib/gcc/arm-none-eabi/12.2.1/../../../arm-none-eabi/lib/thumb/v6-m/nofp/libg.a(lib_a-malloc.o)
                0x10014280                malloc
                0x10014294                free
 .text          0x100142a8      0x548 /usr/lib/gcc/arm-none-eabi/12.2.1/../../../arm-none-eabi/lib/thumb/v6-m/nofp/libg.a(lib_a-mallocr.o)
                0x100142a8                _malloc_r
 .text          0x100147f0       0x44 /usr/lib/gcc/arm-none-eabi/12.2.1/../../../arm-none-eabi/lib/thumb/v6-m/nofp/libg.a(lib_a-memcmp.o)
                0x100147f0                memcmp
 .text          0x10014834      0x5b8 /usr/lib/gcc/arm-none-eabi/12.2.1/../../../arm-none-eabi/lib/thumb/v6-m/nofp/libg.a(lib_a-mktime.o)
                0x10014a04                mktime
 .text          0x10014dec        0x8 /usr/lib/gcc/arm-none-eabi/12.2.1/../../../arm-none-eabi/lib/thumb/v6-m/nofp/libg.a(lib_a-mlock.o)
                0x10014dec                __malloc_lock
                0x10014df0                __malloc_unlock
 .text          0x10014df4       0x48 /usr/lib/gcc/arm-none-eabi/12.2.1/../../../arm-none-eabi/lib/thumb/v6-m/nofp/libg.a(lib_a-rand.o)
                0x10014df4                srand
                0x10014e08                rand
 .text          0x10014e3c      0x3c8 /usr/lib/gcc/arm-none-eabi/12.2.1/../../../arm-none-eabi/lib/thumb/v6-m/nofp/libg.a(lib_a-reallocr.o)
                0x10014e3c                _realloc_r
 .text          0x10015204       0x24 /usr/lib/gcc/arm-none-eabi/12.2.1/../../../arm-none-eabi/lib/thumb/v6-m/nofp/libg.a(lib_a-sbrkr.o)
                0x10015204                _sbrk_r
 .text          0x10015228       0xc0 /usr/lib/gcc/arm-none-eabi/12.2.1/../../../arm-none-eabi/lib/thumb/v6-m/nofp/libg.a(lib_a-strchr.o)
                0x10015228                strchr
 .text          0x100152e8       0x88 /usr/lib/gcc/arm-none-eabi/12.2.1/../../../arm-none-eabi/lib/thumb/v6-m/nofp/libg.a(lib_a-strcmp.o)
                0x100152e8                strcmp
 .text          0x10015370       0x5c /usr/lib/gcc/arm-none-eabi/12.2.1/../../../arm-none-eabi/lib/thumb/v6-m/nofp/libg.a(lib_a-strlen-stub.o)
                0x10015370                strlen
 .text          0x100153cc      0x190 /usr/lib/gcc/arm-none-eabi/12.2.1/../../../arm-none-eabi/lib/thumb/v6-m/nofp/libg.a(lib_a-strtol.o)
                0x10015524                _strtol_r
                0x1001552c                strtol_l
                0x10015544                strtol
 .text          0x1001555c      0x17c /usr/lib/gcc/arm-none-eabi/12.2.1/../../../arm-none-eabi/lib/thumb/v6-m/nofp/libg.a(lib_a-strtoul.o)
                0x100156a0                _strtoul_r
                0x100156a8                strtoul_l
                0x100156c0                strtoul
 .text          0x100156d8      0x18c /usr/lib/gcc/arm-none-eabi/12.2.1/../../../arm-none-eabi/lib/thumb/v6-m/nofp/libg.a(lib_a-tzcalc_limits.o)
                0x100156d8                __tzcalc_limits
 .text          0x10015864        0x8 /usr/lib/gcc/arm-none-eabi/12.2.1/../../../arm-none-eabi/lib/thumb/v6-m/nofp/libg.a(lib_a-tzlock.o)
                0x10015864                __tz_lock
                0x10015868                __tz_unlock
 .text          0x1001586c       0x28 /usr/lib/gcc/arm-none-eabi/12.2.1/../../../arm-none-eabi/lib/thumb/v6-m/nofp/libg.a(lib_a-tzset.o)
                0x1001586c                _tzset_unlocked
                0x1001587c                tzset
 .text          0x10015894      0x360 /usr/lib/gcc/arm-none-eabi/12.2.1/../../../arm-none-eabi/lib/thumb/v6-m/nofp/libg.a(lib_a-tzset_r.o)
                0x10015894                _tzset_unlocked_r
                0x10015be0                _tzset_r
 .text          0x10015bf4       0x14 /usr/lib/gcc/arm-none-eabi/12.2.1/../../../arm-none-eabi/lib/thumb/v6-m/nofp/libg.a(lib_a-div.o)
                0x10015bf4                div
 .text          0x10015c08      0x23c /usr/lib/gcc/arm-none-eabi/12.2.1/../../../arm-none-eabi/lib/thumb/v6-m/nofp/libg.a(lib_a-findfp.o)
                0x10015c0c                _cleanup_r
                0x10015d08                __sfmoreglue
                0x10015d38                __sfp
                0x10015ddc                _cleanup
                0x10015df4                __sinit
                0x10015e04                __sfp_lock_acquire